[pbs] PYG_BENCHMARK=graphsage_ogbn_products
[pbs] PYG_RUN_PROFILE=throughput_cache
[pbs] PYG_NO_COMPILE=0
[pbs] CONFIG_PATH=src/cerebras/modelzoo/models/gnn/configs/params_graphsage_ogbn_products_pyg_throughput_cache.yaml
[pbs] PBS_JOBID=<redacted>
[pbs] PBS_O_WORKDIR=$REPO_ROOT
[pbs] hostname=<compute-node>
2026-06-22 17:51:45 [INFO] Loading CUDA module: cuda
2026-06-22 17:51:45 [INFO] CUDA module loaded: cuda
2026-06-22 17:51:45 [INFO] CUDA toolkit root: /system/apps/ubuntu/22.04-202604/cuda/13.0.2
2026-06-22 17:51:45 [INFO] nvcc: Build cuda_13.0.r13.0/compiler.36424714_0
2026-06-22 17:51:45 [INFO] Starting PyG GNN run
2026-06-22 17:51:45 [INFO] Checking for conflicting environment modules
2026-06-22 17:51:45 [INFO] Module 'intelpython/2022.3.1' is loaded. Attempting to unload...
2026-06-22 17:51:45 [INFO] 'intelpython/2022.3.1' unloaded successfully.
2026-06-22 17:51:45 [INFO] Loading CUDA toolkit module for production GPU run
2026-06-22 17:51:45 [INFO] Loading CUDA module: cuda
2026-06-22 17:51:45 [INFO] CUDA module loaded: cuda
2026-06-22 17:51:45 [INFO] CUDA toolkit root: /system/apps/ubuntu/22.04-202604/cuda/13.0.2
2026-06-22 17:51:45 [INFO] nvcc: Build cuda_13.0.r13.0/compiler.36424714_0
2026-06-22 17:51:45 [INFO] Run metadata: script=run_pyg.sh
2026-06-22 17:51:45 [INFO] Run metadata: python_script=src/cerebras/modelzoo/models/gnn/pyg_graphsage.py
2026-06-22 17:51:45 [INFO] Run metadata: project_root=$REPO_ROOT
2026-06-22 17:51:45 [INFO] Run metadata: config=src/cerebras/modelzoo/models/gnn/configs/params_graphsage_ogbn_products_pyg_throughput_cache.yaml
2026-06-22 17:51:45 [INFO] Run metadata: no_compile=0
2026-06-22 17:51:45 [INFO] Run metadata: hostname=<compute-node>
2026-06-22 17:51:45 [INFO] Run metadata: CUDA_HOME=/system/apps/ubuntu/22.04-202604/cuda/13.0.2
2026-06-22 17:51:45 [INFO] Run metadata: CUDA_TOOLKIT_ROOT_DIR=/system/apps/ubuntu/22.04-202604/cuda/13.0.2
2026-06-22 17:51:45 [INFO] Run metadata: PYTHONPATH=$REPO_ROOT/src
2026-06-22 17:51:45 [INFO] Run metadata: git_commit=8d1457914cfb8edfad40734500c663a483d13d90
2026-06-22 17:51:45 [INFO] Run metadata: git_status_short_begin
 M src/cerebras/modelzoo/models/gnn/configs/components/architectures/input_pipelines/neighbor.yaml
?? benchmark_scripts/hwinfo/
?? logs.zip
?? logs/
?? src/cerebras/modelzoo/models/gnn/docs/artifacts/
?? src/gnn_modelzoo_v2_6.egg-info/
2026-06-22 17:51:45 [INFO] Run metadata: git_status_short_end
2026-06-22 17:51:45 [INFO] Run metadata: nvidia-smi_begin
Mon Jun 22 17:51:45 2026
+-----------------------------------------------------------------------------------------+
| NVIDIA-SMI 580.95.05              Driver Version: 580.95.05      CUDA Version: 13.0     |
+-----------------------------------------+------------------------+----------------------+
| GPU  Name                 Persistence-M | Bus-Id          Disp.A | Volatile Uncorr. ECC |
| Fan  Temp   Perf          Pwr:Usage/Cap |           Memory-Usage | GPU-Util  Compute M. |
|                                         |                        |               MIG M. |
|=========================================+========================+======================|
|   0  NVIDIA H100 PCIe               On  |   00000000:16:00.0 Off |                    0 |
| N/A   29C    P0             48W /  350W |       0MiB /  81559MiB |      0%      Default |
|                                         |                        |             Disabled |
+-----------------------------------------+------------------------+----------------------+

+-----------------------------------------------------------------------------------------+
| Processes:                                                                              |
|  GPU   GI   CI              PID   Type   Process name                        GPU Memory |
|        ID   ID                                                               Usage      |
|=========================================================================================|
|  No running processes found                                                             |
+-----------------------------------------------------------------------------------------+
2026-06-22 17:51:46 [INFO] Run metadata: nvidia-smi_end
2026-06-22 17:51:46 [INFO] Run metadata: nvcc_begin
nvcc: NVIDIA (R) Cuda compiler driver
Copyright (c) 2005-2025 NVIDIA Corporation
Built on Wed_Aug_20_01:58:59_PM_PDT_2025
Cuda compilation tools, release 13.0, V13.0.88
Build cuda_13.0.r13.0/compiler.36424714_0
2026-06-22 17:51:46 [INFO] Run metadata: nvcc_end
2026-06-22 17:51:46 [INFO] Run metadata: python_helper_begin
python_environment_begin
python=3.11.12
torch=2.4.0+cu121
torch_cuda=12.1
cuda_available=True
cuda_device_count=1
cuda_device_0=NVIDIA H100 PCIe
torch_geometric=2.7.0
pyg_lib_available=True
NO_COMPILE=
requested_no_compile=False
python_environment_end
effective_config_begin
{'model': {'name': 'gnn',
           'task': {'compute_eval_metrics': False,
                    'disable_log_softmax': False,
                    'to_float16': True},
           'architecture': {'type': 'graphsage',
                            'hidden_dim': 1024,
                            'num_layers': 3,
                            'dropout': 0.5,
                            'aggregator': 'mean',
                            'n_feat': 100,
                            'n_class': 47}},
 'precision': {'enabled': True,
               'fp16_type': 'float16',
               'loss_scaling_factor': 'dynamic'},
 'loop': {'max_steps': 1000, 'steps_per_epoch': 40, 'eval_frequency': 40},
 'logging': {'log_steps': 40},
 'train_dataloader': {'data_processor': 'GNNDataProcessor',
                      'sampling_mode': 'neighbor',
                      'fanouts': [15, 10, 5],
                      'batch_size': 4096,
                      'drop_last_batch': False,
                      'num_workers': 40,
                      'prefetch_factor': 2,
                      'persistent_workers': True,
                      'pin_memory': True,
                      'sampler_seed': 42,
                      'shuffle': True,
                      'caching_percent': 1.0,
                      'split': 'train',
                      'dataset_profiles': {'ogbn_products': {'dataset_name': 'ogbn-products',
                                                             'data_dir': '$MODELZOO_ROOT/models/gnn/data/datasets',
                                                             'pad_node_id': 0}},
                      'dataset': 'ogbn_products'},
 'val_dataloader': {'data_processor': 'GNNDataProcessor',
                    'sampling_mode': 'neighbor',
                    'fanouts': [15, 10, 5],
                    'batch_size': 4096,
                    'drop_last_batch': False,
                    'num_workers': 40,
                    'prefetch_factor': 2,
                    'persistent_workers': True,
                    'pin_memory': True,
                    'sampler_seed': 42,
                    'shuffle': False,
                    'split': 'valid',
                    'dataset_profiles': {'ogbn_products': {'dataset_name': 'ogbn-products',
                                                           'data_dir': '$MODELZOO_ROOT/models/gnn/data/datasets',
                                                           'pad_node_id': 0}},
                    'dataset': 'ogbn_products'}}
effective_config_end
2026-06-22 17:53:32 [INFO] Run metadata: python_helper_end
2026-06-22 17:53:32 [INFO] Executing model script in: $REPO_ROOT
2026-06-22 17:53:32 [INFO] Executing: uv run src/cerebras/modelzoo/models/gnn/pyg_graphsage.py --config src/cerebras/modelzoo/models/gnn/configs/params_graphsage_ogbn_products_pyg_throughput_cache.yaml
[ddp] Single-process mode: device=cuda
[Info] Running in Single-Process mode (CPU or Single GPU).
[Info] Device: cuda
[GraphCache] Caching 2449029 / 2449029 nodes (100.0%) on cuda...
[GraphCache] Moving features to GPU...
[GraphCache] Layout complete. Cached features size: torch.Size([2449029, 100])
[Step=0040] Wall=30.1929s | Loss=4.4339
[Profile] Avg ms/step | Load: 3.206 (Prep: 0.036, Struc: 1.730, Fetch: 1.439) | Fwd: 54.109 | Bwd: 66.017 | Opt: 0.503 | GPU_Tot: 123.799
[Throughput] Samples: 33052.41 samples/s (33052.29) | Edges: 18002050.39 edges/s (18002044.69)
[Step=0080] Wall=36.6885s | Loss=1.3050
[Profile] Avg ms/step | Load: 23.832 (Prep: 20.675, Struc: 1.731, Fetch: 1.426) | Fwd: 55.407 | Bwd: 65.990 | Opt: 0.587 | GPU_Tot: 125.141
[Throughput] Samples: 27672.78 samples/s (27977.19) | Edges: 15083123.98 edges/s (15248302.94)
[Step=0120] Wall=42.4328s | Loss=0.8037
[Profile] Avg ms/step | Load: 24.538 (Prep: 21.430, Struc: 1.689, Fetch: 1.420) | Fwd: 54.456 | Bwd: 65.430 | Opt: 0.557 | GPU_Tot: 123.551
[Throughput] Samples: 27722.14 samples/s (27876.82) | Edges: 15101377.49 edges/s (15179620.47)
[Step=0160] Wall=48.3002s | Loss=0.7205
[Profile] Avg ms/step | Load: 25.549 (Prep: 22.477, Struc: 1.654, Fetch: 1.418) | Fwd: 54.067 | Bwd: 65.252 | Opt: 0.543 | GPU_Tot: 122.935
[Throughput] Samples: 27589.08 samples/s (27487.03) | Edges: 15034003.43 edges/s (14982303.73)
[Step=0200] Wall=54.0461s | Loss=0.6718
[Profile] Avg ms/step | Load: 25.491 (Prep: 22.425, Struc: 1.649, Fetch: 1.417) | Fwd: 53.845 | Bwd: 65.153 | Opt: 0.534 | GPU_Tot: 122.597
[Throughput] Samples: 27633.52 samples/s (27676.23) | Edges: 15058453.76 edges/s (15083718.71)
[Step=0240] Wall=59.0294s | Loss=0.6550
[Profile] Avg ms/step | Load: 21.613 (Prep: 18.531, Struc: 1.661, Fetch: 1.421) | Fwd: 53.935 | Bwd: 65.378 | Opt: 0.526 | GPU_Tot: 122.921
[Throughput] Samples: 28436.36 samples/s (30797.43) | Edges: 15494973.42 edges/s (16779564.38)
[Step=0280] Wall=65.1381s | Loss=0.5745
[Profile] Avg ms/step | Load: 23.447 (Prep: 20.367, Struc: 1.659, Fetch: 1.421) | Fwd: 53.816 | Bwd: 65.324 | Opt: 0.522 | GPU_Tot: 122.741
[Throughput] Samples: 28075.33 samples/s (28009.80) | Edges: 15297387.23 edges/s (15258477.42)
[Step=0320] Wall=71.0196s | Loss=0.6007
[Profile] Avg ms/step | Load: 24.055 (Prep: 20.975, Struc: 1.659, Fetch: 1.420) | Fwd: 53.739 | Bwd: 65.290 | Opt: 0.520 | GPU_Tot: 122.628
[Throughput] Samples: 27954.70 samples/s (27500.92) | Edges: 15231868.64 edges/s (14984093.78)
[Step=0360] Wall=76.9244s | Loss=0.5425
[Profile] Avg ms/step | Load: 24.541 (Prep: 21.465, Struc: 1.656, Fetch: 1.420) | Fwd: 53.695 | Bwd: 65.297 | Opt: 0.519 | GPU_Tot: 122.587
[Throughput] Samples: 27849.32 samples/s (27232.99) | Edges: 15174444.01 edges/s (14838385.65)
[Step=0400] Wall=82.8542s | Loss=0.5363
[Profile] Avg ms/step | Load: 24.969 (Prep: 21.893, Struc: 1.655, Fetch: 1.421) | Fwd: 53.670 | Bwd: 65.316 | Opt: 0.518 | GPU_Tot: 122.581
[Throughput] Samples: 27753.71 samples/s (27057.40) | Edges: 15123534.44 edges/s (14749599.55)
[Step=0440] Wall=87.8824s | Loss=0.5208
[Profile] Avg ms/step | Load: 22.948 (Prep: 19.860, Struc: 1.665, Fetch: 1.423) | Fwd: 53.770 | Bwd: 65.486 | Opt: 0.516 | GPU_Tot: 122.860
[Throughput] Samples: 28149.25 samples/s (30373.50) | Edges: 15338728.58 edges/s (16550805.11)
[Step=0480] Wall=93.9135s | Loss=0.5916
[Profile] Avg ms/step | Load: 23.681 (Prep: 20.593, Struc: 1.665, Fetch: 1.423) | Fwd: 53.727 | Bwd: 65.476 | Opt: 0.514 | GPU_Tot: 122.805
[Throughput] Samples: 28000.64 samples/s (28041.95) | Edges: 15257405.47 edges/s (15277962.94)
[Step=0520] Wall=99.7462s | Loss=0.5194
[Profile] Avg ms/step | Load: 23.886 (Prep: 20.799, Struc: 1.665, Fetch: 1.422) | Fwd: 53.700 | Bwd: 65.482 | Opt: 0.514 | GPU_Tot: 122.782
[Throughput] Samples: 27951.95 samples/s (27650.11) | Edges: 15231359.67 edges/s (15069313.85)
[Step=0560] Wall=105.8415s | Loss=0.5739
[Profile] Avg ms/step | Load: 24.533 (Prep: 21.446, Struc: 1.664, Fetch: 1.422) | Fwd: 53.678 | Bwd: 65.491 | Opt: 0.512 | GPU_Tot: 122.768
[Throughput] Samples: 27818.10 samples/s (26785.50) | Edges: 15158077.47 edges/s (14594016.28)
[Step=0600] Wall=111.7798s | Loss=0.5276
[Profile] Avg ms/step | Load: 24.812 (Prep: 21.732, Struc: 1.657, Fetch: 1.422) | Fwd: 53.666 | Bwd: 65.508 | Opt: 0.511 | GPU_Tot: 122.764
[Throughput] Samples: 27754.30 samples/s (26855.18) | Edges: 15123370.91 edges/s (14633315.18)
[Step=0640] Wall=117.8710s | Loss=0.5416
[Profile] Avg ms/step | Load: 25.283 (Prep: 22.203, Struc: 1.658, Fetch: 1.422) | Fwd: 53.658 | Bwd: 65.534 | Opt: 0.510 | GPU_Tot: 122.782
[Throughput] Samples: 27652.48 samples/s (26477.99) | Edges: 15067751.19 edges/s (14426618.31)
[Step=0680] Wall=122.9342s | Loss=0.6003
[Profile] Avg ms/step | Load: 23.967 (Prep: 20.880, Struc: 1.663, Fetch: 1.424) | Fwd: 53.737 | Bwd: 65.668 | Opt: 0.509 | GPU_Tot: 123.001
[Throughput] Samples: 27899.52 samples/s (30006.58) | Edges: 15202551.34 edges/s (16352144.79)
[Step=0720] Wall=128.8673s | Loss=0.5302
[Profile] Avg ms/step | Load: 24.201 (Prep: 21.114, Struc: 1.663, Fetch: 1.425) | Fwd: 53.727 | Bwd: 65.690 | Opt: 0.509 | GPU_Tot: 123.013
[Throughput] Samples: 27843.08 samples/s (28157.88) | Edges: 15171588.60 edges/s (15341779.72)
[Step=0760] Wall=134.5964s | Loss=0.5961
[Profile] Avg ms/step | Load: 24.125 (Prep: 21.040, Struc: 1.661, Fetch: 1.425) | Fwd: 53.724 | Bwd: 65.716 | Opt: 0.509 | GPU_Tot: 123.035
[Throughput] Samples: 27845.26 samples/s (27993.68) | Edges: 15173248.12 edges/s (15258456.57)
[Step=0800] Wall=140.9475s | Loss=0.5743
[Profile] Avg ms/step | Load: 24.842 (Prep: 21.755, Struc: 1.663, Fetch: 1.425) | Fwd: 53.719 | Bwd: 65.744 | Opt: 0.508 | GPU_Tot: 123.060
[Throughput] Samples: 27695.90 samples/s (26289.42) | Edges: 15091529.40 edges/s (14323592.32)
[Step=0840] Wall=147.0542s | Loss=0.5499
[Profile] Avg ms/step | Load: 25.194 (Prep: 22.107, Struc: 1.661, Fetch: 1.425) | Fwd: 53.717 | Bwd: 65.769 | Opt: 0.508 | GPU_Tot: 123.081
[Throughput] Samples: 27618.13 samples/s (26211.88) | Edges: 15048761.30 edges/s (14277666.99)
[Step=0880] Wall=152.1327s | Loss=0.5374
[Profile] Avg ms/step | Load: 24.186 (Prep: 21.093, Struc: 1.666, Fetch: 1.427) | Fwd: 53.779 | Bwd: 65.873 | Opt: 0.508 | GPU_Tot: 123.254
[Throughput] Samples: 27805.77 samples/s (29841.36) | Edges: 15151040.56 edges/s (16258722.10)
[Step=0920] Wall=158.3239s | Loss=0.5123
[Profile] Avg ms/step | Load: 24.623 (Prep: 21.529, Struc: 1.666, Fetch: 1.427) | Fwd: 53.775 | Bwd: 65.895 | Opt: 0.508 | GPU_Tot: 123.272
[Throughput] Samples: 27711.73 samples/s (27418.29) | Edges: 15099797.73 edges/s (14939347.89)
[Step=0960] Wall=164.4999s | Loss=0.5080
[Profile] Avg ms/step | Load: 25.012 (Prep: 21.917, Struc: 1.668, Fetch: 1.427) | Fwd: 53.771 | Bwd: 65.910 | Opt: 0.508 | GPU_Tot: 123.285
[Throughput] Samples: 27629.17 samples/s (26487.28) | Edges: 15054215.54 edges/s (14424395.13)
[Step=1000] Wall=170.7045s | Loss=0.4886
[Profile] Avg ms/step | Load: 25.385 (Prep: 22.288, Struc: 1.669, Fetch: 1.428) | Fwd: 53.773 | Bwd: 65.933 | Opt: 0.508 | GPU_Tot: 123.311
[Throughput] Samples: 27548.21 samples/s (26043.25) | Edges: 15010484.64 edges/s (14192357.13)
------------------------------------------------------------
Training Completed. Total Steps: 1000 (Active: 990)
Avg Breakdown (ms): Load=25.385 [Prep:22.288, Struc:1.669, Fetch:1.428], Fwd=53.773, Bwd=65.933, Opt=0.508
------------------------------------------------------------
Checkpoint saved: $REPO_ROOT/src/cerebras/modelzoo/../../../model_dirs/ogbn_products_graphsage_pyg_throughput_cache/last.pt
2026-06-22 18:00:27 [INFO] Model execution finished.
2026-06-22 18:00:27 [INFO] Model execution process completed successfully.
2026-06-22 18:00:27 [INFO] run_pyg.sh finished successfully.
