[pbs] PYG_BENCHMARK=gcn_ogbn_arxiv
[pbs] PYG_RUN_PROFILE=accuracy_nocache
[pbs] PYG_NO_COMPILE=0
[pbs] CONFIG_PATH=src/cerebras/modelzoo/models/gnn/configs/params_gcn_ogbn_arxiv_pyg_accuracy_nocache.yaml
[pbs] PBS_JOBID=0:843865.nqsv
[pbs] PBS_O_WORKDIR=/work/1/AC2/watanuki/gnn-modelzoo-v2.6
[pbs] hostname=bnode045
2026-06-19 16:22:10 [INFO] Loading CUDA module: cuda
2026-06-19 16:22:10 [INFO] CUDA module loaded: cuda
2026-06-19 16:22:10 [INFO] CUDA toolkit root: /system/apps/ubuntu/22.04-202604/cuda/13.0.2
2026-06-19 16:22:10 [INFO] nvcc: Build cuda_13.0.r13.0/compiler.36424714_0
Done. Logs saved under: /work/1/AC2/watanuki/gnn-modelzoo-v2.6/benchmark_scripts/hwinfo/gcn_ogbn_arxiv_accuracy_nocache_0:843865.nqsv
Combined: /work/1/AC2/watanuki/gnn-modelzoo-v2.6/benchmark_scripts/hwinfo/gcn_ogbn_arxiv_accuracy_nocache_0:843865.nqsv/all_bnode045_20260619_162210.log
Summary : /work/1/AC2/watanuki/gnn-modelzoo-v2.6/benchmark_scripts/hwinfo/gcn_ogbn_arxiv_accuracy_nocache_0:843865.nqsv/summary_bnode045_20260619_162210.txt
2026-06-19 16:22:10 [INFO] Starting PyG GNN run
2026-06-19 16:22:10 [INFO] Checking for conflicting environment modules
2026-06-19 16:22:10 [INFO] Module 'intelpython/2022.3.1' is loaded. Attempting to unload...
2026-06-19 16:22:10 [INFO] 'intelpython/2022.3.1' unloaded successfully.
2026-06-19 16:22:10 [INFO] Loading CUDA toolkit module for production GPU run
2026-06-19 16:22:10 [INFO] Loading CUDA module: cuda
2026-06-19 16:22:11 [INFO] CUDA module loaded: cuda
2026-06-19 16:22:11 [INFO] CUDA toolkit root: /system/apps/ubuntu/22.04-202604/cuda/13.0.2
2026-06-19 16:22:11 [INFO] nvcc: Build cuda_13.0.r13.0/compiler.36424714_0
2026-06-19 16:22:11 [INFO] Run metadata: script=run_pyg.sh
2026-06-19 16:22:11 [INFO] Run metadata: python_script=src/cerebras/modelzoo/models/gnn/pyg_gcn.py
2026-06-19 16:22:11 [INFO] Run metadata: project_root=/work/1/AC2/watanuki/gnn-modelzoo-v2.6
2026-06-19 16:22:11 [INFO] Run metadata: config=src/cerebras/modelzoo/models/gnn/configs/params_gcn_ogbn_arxiv_pyg_accuracy_nocache.yaml
2026-06-19 16:22:11 [INFO] Run metadata: no_compile=0
2026-06-19 16:22:11 [INFO] Run metadata: hostname=bnode045
2026-06-19 16:22:11 [INFO] Run metadata: CUDA_HOME=/system/apps/ubuntu/22.04-202604/cuda/13.0.2
2026-06-19 16:22:11 [INFO] Run metadata: CUDA_TOOLKIT_ROOT_DIR=/system/apps/ubuntu/22.04-202604/cuda/13.0.2
2026-06-19 16:22:11 [INFO] Run metadata: PYTHONPATH=/work/1/AC2/watanuki/gnn-modelzoo-v2.6/src
2026-06-19 16:22:11 [INFO] Run metadata: git_commit=b604f2e571da871ea544d1ae87b5d6c8d6d9e327
2026-06-19 16:22:11 [INFO] Run metadata: git_status_short_begin
?? benchmark_scripts/hwinfo/gcn_ogbn_arxiv_accuracy_nocache_0:843865.nqsv/
?? benchmark_scripts/hwinfo/gcn_ogbn_arxiv_throughput_nocache_0:843864.nqsv/
?? benchmark_scripts/hwinfo/graphsage_ogbn_arxiv_accuracy_nocache_0:843860.nqsv/
?? benchmark_scripts/hwinfo/graphsage_ogbn_arxiv_throughput_cache_0:843859.nqsv/
?? benchmark_scripts/hwinfo/graphsage_ogbn_arxiv_throughput_nocache_0:843858.nqsv/
?? benchmark_scripts/hwinfo/graphsage_ogbn_products_accuracy_nocache_0:843863.nqsv/
?? benchmark_scripts/hwinfo/graphsage_ogbn_products_throughput_cache_0:843862.nqsv/
?? benchmark_scripts/hwinfo/graphsage_ogbn_products_throughput_nocache_0:843861.nqsv/
?? logs/
?? run_pyg_nqsv.pbs.e843859
?? run_pyg_nqsv.pbs.e843860
?? run_pyg_nqsv.pbs.e843861
?? run_pyg_nqsv.pbs.e843862
?? run_pyg_nqsv.pbs.e843863
?? run_pyg_nqsv.pbs.e843864
?? run_pyg_nqsv.pbs.o843859
?? run_pyg_nqsv.pbs.o843860
?? run_pyg_nqsv.pbs.o843861
?? run_pyg_nqsv.pbs.o843862
?? run_pyg_nqsv.pbs.o843863
?? run_pyg_nqsv.pbs.o843864
?? src/gnn_modelzoo_v2_6.egg-info/
2026-06-19 16:22:11 [INFO] Run metadata: git_status_short_end
2026-06-19 16:22:11 [INFO] Run metadata: nvidia-smi_begin
Fri Jun 19 16:22:11 2026       
+-----------------------------------------------------------------------------------------+
| NVIDIA-SMI 580.95.05              Driver Version: 580.95.05      CUDA Version: 13.0     |
+-----------------------------------------+------------------------+----------------------+
| GPU  Name                 Persistence-M | Bus-Id          Disp.A | Volatile Uncorr. ECC |
| Fan  Temp   Perf          Pwr:Usage/Cap |           Memory-Usage | GPU-Util  Compute M. |
|                                         |                        |               MIG M. |
|=========================================+========================+======================|
|   0  NVIDIA H100 PCIe               On  |   00000000:16:00.0 Off |                    0 |
| N/A   38C    P0             47W /  350W |       0MiB /  81559MiB |      0%      Default |
|                                         |                        |             Disabled |
+-----------------------------------------+------------------------+----------------------+

+-----------------------------------------------------------------------------------------+
| Processes:                                                                              |
|  GPU   GI   CI              PID   Type   Process name                        GPU Memory |
|        ID   ID                                                               Usage      |
|=========================================================================================|
|  No running processes found                                                             |
+-----------------------------------------------------------------------------------------+
2026-06-19 16:22:11 [INFO] Run metadata: nvidia-smi_end
2026-06-19 16:22:11 [INFO] Run metadata: nvcc_begin
nvcc: NVIDIA (R) Cuda compiler driver
Copyright (c) 2005-2025 NVIDIA Corporation
Built on Wed_Aug_20_01:58:59_PM_PDT_2025
Cuda compilation tools, release 13.0, V13.0.88
Build cuda_13.0.r13.0/compiler.36424714_0
2026-06-19 16:22:11 [INFO] Run metadata: nvcc_end
2026-06-19 16:22:11 [INFO] Run metadata: python_helper_begin
python_environment_begin
python=3.11.12
torch=2.4.0+cu121
torch_cuda=12.1
cuda_available=True
cuda_device_count=1
cuda_device_0=NVIDIA H100 PCIe
torch_geometric=2.7.0
pyg_lib_available=True
NO_COMPILE=
requested_no_compile=False
python_environment_end
effective_config_begin
{'model': {'name': 'gnn',
           'task': {'compute_eval_metrics': True,
                    'disable_log_softmax': False,
                    'to_float16': True},
           'architecture': {'type': 'gcn',
                            'n_hid': 64,
                            'dropout_rate': 0.5,
                            'activation_fn_hidden': 'relu',
                            'activation_fn_output': 'none',
                            'use_bias': True,
                            'n_feat': 128,
                            'n_class': 40}},
 'precision': {'enabled': True,
               'fp16_type': 'float16',
               'loss_scaling_factor': 'dynamic'},
 'loop': {'max_steps': 25, 'steps_per_epoch': 1, 'eval_frequency': 1},
 'logging': {'log_steps': 1},
 'train_dataloader': {'data_processor': 'GNNDataProcessor',
                      'sampling_mode': 'full_graph',
                      'batch_size': 1,
                      'drop_last_batch': False,
                      'shuffle': False,
                      'num_workers': 0,
                      'adj_normalization': 'gcn',
                      'split': 'train',
                      'dataset_profiles': {'ogbn_arxiv': {'dataset_name': 'ogbn-arxiv',
                                                          'data_dir': '$MODELZOO_ROOT/models/gnn/data/datasets',
                                                          'pad_node_id': 0}},
                      'dataset': 'ogbn_arxiv',
                      'persistent_workers': False,
                      'pin_memory': True,
                      'prefetch_factor': None,
                      'caching_percent': 0.0},
 'val_dataloader': {'data_processor': 'GNNDataProcessor',
                    'sampling_mode': 'full_graph',
                    'batch_size': 1,
                    'drop_last_batch': False,
                    'shuffle': False,
                    'num_workers': 0,
                    'adj_normalization': 'gcn',
                    'split': 'val',
                    'dataset_profiles': {'ogbn_arxiv': {'dataset_name': 'ogbn-arxiv',
                                                        'data_dir': '$MODELZOO_ROOT/models/gnn/data/datasets',
                                                        'pad_node_id': 0}},
                    'dataset': 'ogbn_arxiv',
                    'persistent_workers': False,
                    'pin_memory': True,
                    'prefetch_factor': None}}
effective_config_end
2026-06-19 16:22:17 [INFO] Run metadata: python_helper_end
2026-06-19 16:22:17 [INFO] Executing model script in: /work/1/AC2/watanuki/gnn-modelzoo-v2.6
2026-06-19 16:22:17 [INFO] Executing: uv run src/cerebras/modelzoo/models/gnn/pyg_gcn.py --config src/cerebras/modelzoo/models/gnn/configs/params_gcn_ogbn_arxiv_pyg_accuracy_nocache.yaml
[ddp] Single-process mode: device=cuda
[Info] Running in Single-Process mode (CPU or Single GPU).
[Info] Device: cuda
[Step=0001] Wall=10.8584s | Loss=3.6777
[Profile] Avg ms/step | Load: 15.797 (Prep: 0.280, Struc: 15.506, Fetch: 0.011) | Fwd: 8897.164 | Bwd: 1897.342 | Opt: 39.882 | GPU_Tot: 10849.906
[Throughput] Samples: 8375.08 samples/s (8375.07) | Edges: 213251.51 edges/s (213251.48)
[Eval] Step=0001, Wall=13.3629s, Val_Acc=0.1430
[Step=0002] Wall=13.3710s | Loss=3.6135
[Profile] Avg ms/step | Load: 7.994 (Prep: 0.198, Struc: 7.787, Fetch: 0.009) | Fwd: 4450.777 | Bwd: 950.075 | Opt: 20.182 | GPU_Tot: 5428.830
[Throughput] Samples: 13602.65 samples/s (25066.94) | Edges: 346359.37 edges/s (638270.20)
[Eval] Step=0002, Wall=13.3740s, Val_Acc=0.1601
[Step=0003] Wall=13.3818s | Loss=3.5559
[Profile] Avg ms/step | Load: 5.374 (Prep: 0.159, Struc: 5.207, Fetch: 0.008) | Fwd: 2968.636 | Bwd: 634.322 | Opt: 13.586 | GPU_Tot: 3621.759
[Throughput] Samples: 20387.42 samples/s (5034145.76) | Edges: 519117.44 edges/s (128191856.15)
[Eval] Step=0003, Wall=13.3848s, Val_Acc=0.1224
[Step=0004] Wall=13.3923s | Loss=3.5009
[Profile] Avg ms/step | Load: 4.062 (Prep: 0.138, Struc: 3.916, Fetch: 0.008) | Fwd: 2227.511 | Bwd: 476.443 | Opt: 10.281 | GPU_Tot: 2718.160
[Throughput] Samples: 27161.91 samples/s (7209635.15) | Edges: 691613.80 edges/s (183555823.23)
[Eval] Step=0004, Wall=13.3953s, Val_Acc=0.0953
[Step=0005] Wall=13.4030s | Loss=3.4453
[Profile] Avg ms/step | Load: 3.273 (Prep: 0.124, Struc: 3.142, Fetch: 0.008) | Fwd: 1782.873 | Bwd: 381.718 | Opt: 8.299 | GPU_Tot: 2176.039
[Throughput] Samples: 33925.33 samples/s (7992292.50) | Edges: 863828.44 edges/s (203537774.35)
[Eval] Step=0005, Wall=13.4059s, Val_Acc=0.0861
[Step=0006] Wall=13.4134s | Loss=3.3892
[Profile] Avg ms/step | Load: 2.746 (Prep: 0.114, Struc: 2.625, Fetch: 0.007) | Fwd: 1486.414 | Bwd: 318.565 | Opt: 6.976 | GPU_Tot: 1814.587
[Throughput] Samples: 40678.80 samples/s (8438305.03) | Edges: 1035789.63 edges/s (214876804.74)
[Eval] Step=0006, Wall=13.4163s, Val_Acc=0.0815
[Step=0007] Wall=13.4241s | Loss=3.3303
[Profile] Avg ms/step | Load: 2.370 (Prep: 0.107, Struc: 2.256, Fetch: 0.007) | Fwd: 1274.685 | Bwd: 273.458 | Opt: 6.030 | GPU_Tot: 1556.437
[Throughput] Samples: 47421.00 samples/s (8507074.00) | Edges: 1207464.10 edges/s (216621382.10)
[Eval] Step=0007, Wall=13.4270s, Val_Acc=0.0795
[Step=0008] Wall=13.4345s | Loss=3.2809
[Profile] Avg ms/step | Load: 2.089 (Prep: 0.102, Struc: 1.980, Fetch: 0.007) | Fwd: 1115.866 | Bwd: 239.627 | Opt: 5.322 | GPU_Tot: 1362.802
[Throughput] Samples: 54153.34 samples/s (8632581.93) | Edges: 1378887.27 edges/s (219809763.77)
[Eval] Step=0008, Wall=13.4374s, Val_Acc=0.0786
[Step=0009] Wall=13.4451s | Loss=3.2252
[Profile] Avg ms/step | Load: 1.869 (Prep: 0.098, Struc: 1.765, Fetch: 0.007) | Fwd: 992.358 | Bwd: 213.315 | Opt: 4.769 | GPU_Tot: 1212.214
[Throughput] Samples: 60874.59 samples/s (8612739.95) | Edges: 1550028.06 edges/s (219305836.84)
[Eval] Step=0009, Wall=13.4479s, Val_Acc=0.0784
[Step=0010] Wall=13.4555s | Loss=3.1837
[Profile] Avg ms/step | Load: 0.000 (Prep: 0.000, Struc: 0.000, Fetch: 0.000) | Fwd: 0.000 | Bwd: 0.000 | Opt: 0.000 | GPU_Tot: 0.000
[Throughput] Samples: 0.00 samples/s (0.00) | Edges: 0.00 edges/s (0.00)
[Eval] Step=0010, Wall=13.4583s, Val_Acc=0.0782
[Step=0011] Wall=13.4660s | Loss=3.1460
[Profile] Avg ms/step | Load: 0.111 (Prep: 0.062, Struc: 0.044, Fetch: 0.006) | Fwd: 4.302 | Bwd: 2.821 | Opt: 0.348 | GPU_Tot: 7.521
[Throughput] Samples: 8555514.13 samples/s (5158552.56) | Edges: 217801988.89 edges/s (131337195.80)
[Eval] Step=0011, Wall=13.4689s, Val_Acc=0.0784
[Step=0012] Wall=13.4764s | Loss=3.1180
[Profile] Avg ms/step | Load: 0.112 (Prep: 0.063, Struc: 0.043, Fetch: 0.006) | Fwd: 4.206 | Bwd: 2.817 | Opt: 0.349 | GPU_Tot: 7.422
[Throughput] Samples: 8659864.10 samples/s (7323527.56) | Edges: 220482337.43 edges/s (186473094.86)
[Eval] Step=0012, Wall=13.4793s, Val_Acc=0.0791
[Step=0013] Wall=13.4870s | Loss=3.0896
[Profile] Avg ms/step | Load: 0.112 (Prep: 0.063, Struc: 0.043, Fetch: 0.006) | Fwd: 4.241 | Bwd: 2.816 | Opt: 0.348 | GPU_Tot: 7.453
[Throughput] Samples: 8641362.32 samples/s (8092205.10) | Edges: 220018759.95 edges/s (206049150.47)
[Eval] Step=0013, Wall=13.4898s, Val_Acc=0.0816
[Step=0014] Wall=13.4974s | Loss=3.0688
[Profile] Avg ms/step | Load: 0.112 (Prep: 0.063, Struc: 0.043, Fetch: 0.006) | Fwd: 4.207 | Bwd: 2.816 | Opt: 0.346 | GPU_Tot: 7.418
[Throughput] Samples: 8673264.53 samples/s (8499017.69) | Edges: 220832439.17 edges/s (216403097.01)
[Eval] Step=0014, Wall=13.5002s, Val_Acc=0.0926
[Step=0015] Wall=13.5079s | Loss=3.0457
[Profile] Avg ms/step | Load: 0.113 (Prep: 0.063, Struc: 0.044, Fetch: 0.006) | Fwd: 4.224 | Bwd: 2.818 | Opt: 0.345 | GPU_Tot: 7.437
[Throughput] Samples: 8662375.02 samples/s (8571135.51) | Edges: 220558483.98 edges/s (218243369.15)
[Eval] Step=0015, Wall=13.5108s, Val_Acc=0.1301
[Step=0016] Wall=13.5183s | Loss=3.0245
[Profile] Avg ms/step | Load: 0.113 (Prep: 0.063, Struc: 0.044, Fetch: 0.006) | Fwd: 4.206 | Bwd: 2.816 | Opt: 0.346 | GPU_Tot: 7.418
[Throughput] Samples: 8676541.17 samples/s (8677301.31) | Edges: 220920029.94 edges/s (220944553.78)
[Eval] Step=0016, Wall=13.5212s, Val_Acc=0.1897
[Step=0017] Wall=13.5289s | Loss=3.0081
[Profile] Avg ms/step | Load: 0.113 (Prep: 0.063, Struc: 0.044, Fetch: 0.006) | Fwd: 4.219 | Bwd: 2.816 | Opt: 0.345 | GPU_Tot: 7.429
[Throughput] Samples: 8668052.58 samples/s (8641314.02) | Edges: 220704785.12 edges/s (220028208.59)
[Eval] Step=0017, Wall=13.5317s, Val_Acc=0.2415
[Step=0018] Wall=13.5392s | Loss=2.9919
[Profile] Avg ms/step | Load: 0.113 (Prep: 0.063, Struc: 0.043, Fetch: 0.006) | Fwd: 4.204 | Bwd: 2.813 | Opt: 0.345 | GPU_Tot: 7.411
[Throughput] Samples: 8685310.24 samples/s (8741470.13) | Edges: 221145959.37 edges/s (222586026.65)
[Eval] Step=0018, Wall=13.5420s, Val_Acc=0.2700
[Step=0019] Wall=13.5497s | Loss=2.9711
[Profile] Avg ms/step | Load: 0.113 (Prep: 0.063, Struc: 0.043, Fetch: 0.006) | Fwd: 4.216 | Bwd: 2.813 | Opt: 0.344 | GPU_Tot: 7.422
[Throughput] Samples: 8677434.93 samples/s (8665531.27) | Edges: 220945827.58 edges/s (220647758.32)
[Eval] Step=0019, Wall=13.5526s, Val_Acc=0.2815
[Step=0020] Wall=13.5601s | Loss=2.9521
[Profile] Avg ms/step | Load: 0.113 (Prep: 0.064, Struc: 0.043, Fetch: 0.006) | Fwd: 4.205 | Bwd: 2.812 | Opt: 0.344 | GPU_Tot: 7.411
[Throughput] Samples: 8687992.06 samples/s (8736624.85) | Edges: 221214563.77 edges/s (222458211.10)
[Eval] Step=0020, Wall=13.5630s, Val_Acc=0.2873
[Step=0021] Wall=13.5707s | Loss=2.9348
[Profile] Avg ms/step | Load: 0.113 (Prep: 0.064, Struc: 0.043, Fetch: 0.006) | Fwd: 4.214 | Bwd: 2.813 | Opt: 0.344 | GPU_Tot: 7.420
[Throughput] Samples: 8679997.22 samples/s (8655225.74) | Edges: 221011708.79 edges/s (220385693.51)
[Eval] Step=0021, Wall=13.5735s, Val_Acc=0.2933
[Step=0022] Wall=13.5810s | Loss=2.9184
[Profile] Avg ms/step | Load: 0.113 (Prep: 0.064, Struc: 0.043, Fetch: 0.006) | Fwd: 4.206 | Bwd: 2.814 | Opt: 0.344 | GPU_Tot: 7.412
[Throughput] Samples: 8686937.87 samples/s (8720391.23) | Edges: 221188163.52 edges/s (222041614.04)
[Eval] Step=0022, Wall=13.5839s, Val_Acc=0.2957
[Step=0023] Wall=13.5916s | Loss=2.8969
[Profile] Avg ms/step | Load: 0.113 (Prep: 0.063, Struc: 0.043, Fetch: 0.006) | Fwd: 4.211 | Bwd: 2.813 | Opt: 0.344 | GPU_Tot: 7.417
[Throughput] Samples: 8683433.51 samples/s (8673218.42) | Edges: 221099944.31 edges/s (220845903.50)
[Eval] Step=0023, Wall=13.5944s, Val_Acc=0.2941
[Step=0024] Wall=13.6019s | Loss=2.8816
[Profile] Avg ms/step | Load: 0.113 (Prep: 0.063, Struc: 0.043, Fetch: 0.006) | Fwd: 4.203 | Bwd: 2.813 | Opt: 0.344 | GPU_Tot: 7.410
[Throughput] Samples: 8690298.34 samples/s (8737629.11) | Edges: 221274632.65 edges/s (222479189.70)
[Eval] Step=0024, Wall=13.6048s, Val_Acc=0.2908
[Step=0025] Wall=13.6125s | Loss=2.8600
[Profile] Avg ms/step | Load: 0.112 (Prep: 0.063, Struc: 0.043, Fetch: 0.006) | Fwd: 4.208 | Bwd: 2.813 | Opt: 0.344 | GPU_Tot: 7.414
[Throughput] Samples: 8685323.18 samples/s (8664688.80) | Edges: 221147880.61 edges/s (220626296.83)
[Eval] Step=0025, Wall=13.6153s, Val_Acc=0.2901
------------------------------------------------------------
Training Completed. Total Steps: 25 (Active: 15)
Avg Breakdown (ms): Load=0.112 [Prep:0.063, Struc:0.043, Fetch:0.006], Fwd=4.208, Bwd=2.813, Opt=0.344
------------------------------------------------------------
Checkpoint saved: /work/1/AC2/watanuki/gnn-modelzoo-v2.6/src/cerebras/modelzoo/models/gnn/docs/artifacts/runtime/model_dirs/ogbn_arxiv_gcn_pyg_accuracy_nocache/last.pt
2026-06-19 16:22:40 [INFO] Model execution finished.
2026-06-19 16:22:40 [INFO] Model execution process completed successfully.
2026-06-19 16:22:40 [INFO] run_pyg.sh finished successfully.
