[pbs] PYG_BENCHMARK=gcn_ogbn_arxiv
[pbs] PYG_RUN_PROFILE=throughput_nocache
[pbs] PYG_NO_COMPILE=0
[pbs] CONFIG_PATH=src/cerebras/modelzoo/models/gnn/configs/params_gcn_ogbn_arxiv_pyg_throughput_nocache.yaml
[pbs] PBS_JOBID=0:843864.nqsv
[pbs] PBS_O_WORKDIR=/work/1/AC2/watanuki/gnn-modelzoo-v2.6
[pbs] hostname=bnode045
2026-06-19 16:21:10 [INFO] Loading CUDA module: cuda
2026-06-19 16:21:11 [INFO] CUDA module loaded: cuda
2026-06-19 16:21:11 [INFO] CUDA toolkit root: /system/apps/ubuntu/22.04-202604/cuda/13.0.2
2026-06-19 16:21:11 [INFO] nvcc: Build cuda_13.0.r13.0/compiler.36424714_0
Done. Logs saved under: /work/1/AC2/watanuki/gnn-modelzoo-v2.6/benchmark_scripts/hwinfo/gcn_ogbn_arxiv_throughput_nocache_0:843864.nqsv
Combined: /work/1/AC2/watanuki/gnn-modelzoo-v2.6/benchmark_scripts/hwinfo/gcn_ogbn_arxiv_throughput_nocache_0:843864.nqsv/all_bnode045_20260619_162111.log
Summary : /work/1/AC2/watanuki/gnn-modelzoo-v2.6/benchmark_scripts/hwinfo/gcn_ogbn_arxiv_throughput_nocache_0:843864.nqsv/summary_bnode045_20260619_162111.txt
2026-06-19 16:21:11 [INFO] Starting PyG GNN run
2026-06-19 16:21:11 [INFO] Checking for conflicting environment modules
2026-06-19 16:21:11 [INFO] Module 'intelpython/2022.3.1' is loaded. Attempting to unload...
2026-06-19 16:21:11 [INFO] 'intelpython/2022.3.1' unloaded successfully.
2026-06-19 16:21:11 [INFO] Loading CUDA toolkit module for production GPU run
2026-06-19 16:21:11 [INFO] Loading CUDA module: cuda
2026-06-19 16:21:11 [INFO] CUDA module loaded: cuda
2026-06-19 16:21:11 [INFO] CUDA toolkit root: /system/apps/ubuntu/22.04-202604/cuda/13.0.2
2026-06-19 16:21:11 [INFO] nvcc: Build cuda_13.0.r13.0/compiler.36424714_0
2026-06-19 16:21:11 [INFO] Run metadata: script=run_pyg.sh
2026-06-19 16:21:11 [INFO] Run metadata: python_script=src/cerebras/modelzoo/models/gnn/pyg_gcn.py
2026-06-19 16:21:11 [INFO] Run metadata: project_root=/work/1/AC2/watanuki/gnn-modelzoo-v2.6
2026-06-19 16:21:11 [INFO] Run metadata: config=src/cerebras/modelzoo/models/gnn/configs/params_gcn_ogbn_arxiv_pyg_throughput_nocache.yaml
2026-06-19 16:21:11 [INFO] Run metadata: no_compile=0
2026-06-19 16:21:11 [INFO] Run metadata: hostname=bnode045
2026-06-19 16:21:11 [INFO] Run metadata: CUDA_HOME=/system/apps/ubuntu/22.04-202604/cuda/13.0.2
2026-06-19 16:21:11 [INFO] Run metadata: CUDA_TOOLKIT_ROOT_DIR=/system/apps/ubuntu/22.04-202604/cuda/13.0.2
2026-06-19 16:21:11 [INFO] Run metadata: PYTHONPATH=/work/1/AC2/watanuki/gnn-modelzoo-v2.6/src
2026-06-19 16:21:11 [INFO] Run metadata: git_commit=b604f2e571da871ea544d1ae87b5d6c8d6d9e327
2026-06-19 16:21:11 [INFO] Run metadata: git_status_short_begin
?? benchmark_scripts/hwinfo/gcn_ogbn_arxiv_throughput_nocache_0:843864.nqsv/
?? benchmark_scripts/hwinfo/graphsage_ogbn_arxiv_accuracy_nocache_0:843860.nqsv/
?? benchmark_scripts/hwinfo/graphsage_ogbn_arxiv_throughput_cache_0:843859.nqsv/
?? benchmark_scripts/hwinfo/graphsage_ogbn_arxiv_throughput_nocache_0:843858.nqsv/
?? benchmark_scripts/hwinfo/graphsage_ogbn_products_accuracy_nocache_0:843863.nqsv/
?? benchmark_scripts/hwinfo/graphsage_ogbn_products_throughput_cache_0:843862.nqsv/
?? benchmark_scripts/hwinfo/graphsage_ogbn_products_throughput_nocache_0:843861.nqsv/
?? logs/
?? run_pyg_nqsv.pbs.e843859
?? run_pyg_nqsv.pbs.e843860
?? run_pyg_nqsv.pbs.e843861
?? run_pyg_nqsv.pbs.e843862
?? run_pyg_nqsv.pbs.e843863
?? run_pyg_nqsv.pbs.o843859
?? run_pyg_nqsv.pbs.o843860
?? run_pyg_nqsv.pbs.o843861
?? run_pyg_nqsv.pbs.o843862
?? run_pyg_nqsv.pbs.o843863
?? src/gnn_modelzoo_v2_6.egg-info/
2026-06-19 16:21:11 [INFO] Run metadata: git_status_short_end
2026-06-19 16:21:11 [INFO] Run metadata: nvidia-smi_begin
Fri Jun 19 16:21:11 2026       
+-----------------------------------------------------------------------------------------+
| NVIDIA-SMI 580.95.05              Driver Version: 580.95.05      CUDA Version: 13.0     |
+-----------------------------------------+------------------------+----------------------+
| GPU  Name                 Persistence-M | Bus-Id          Disp.A | Volatile Uncorr. ECC |
| Fan  Temp   Perf          Pwr:Usage/Cap |           Memory-Usage | GPU-Util  Compute M. |
|                                         |                        |               MIG M. |
|=========================================+========================+======================|
|   0  NVIDIA H100 PCIe               On  |   00000000:16:00.0 Off |                    0 |
| N/A   42C    P0             48W /  350W |       0MiB /  81559MiB |      0%      Default |
|                                         |                        |             Disabled |
+-----------------------------------------+------------------------+----------------------+

+-----------------------------------------------------------------------------------------+
| Processes:                                                                              |
|  GPU   GI   CI              PID   Type   Process name                        GPU Memory |
|        ID   ID                                                               Usage      |
|=========================================================================================|
|  No running processes found                                                             |
+-----------------------------------------------------------------------------------------+
2026-06-19 16:21:11 [INFO] Run metadata: nvidia-smi_end
2026-06-19 16:21:11 [INFO] Run metadata: nvcc_begin
nvcc: NVIDIA (R) Cuda compiler driver
Copyright (c) 2005-2025 NVIDIA Corporation
Built on Wed_Aug_20_01:58:59_PM_PDT_2025
Cuda compilation tools, release 13.0, V13.0.88
Build cuda_13.0.r13.0/compiler.36424714_0
2026-06-19 16:21:11 [INFO] Run metadata: nvcc_end
2026-06-19 16:21:11 [INFO] Run metadata: python_helper_begin
python_environment_begin
python=3.11.12
torch=2.4.0+cu121
torch_cuda=12.1
cuda_available=True
cuda_device_count=1
cuda_device_0=NVIDIA H100 PCIe
torch_geometric=2.7.0
pyg_lib_available=True
NO_COMPILE=
requested_no_compile=False
python_environment_end
effective_config_begin
{'model': {'name': 'gnn',
           'task': {'compute_eval_metrics': False,
                    'disable_log_softmax': False,
                    'to_float16': True},
           'architecture': {'type': 'gcn',
                            'n_hid': 64,
                            'dropout_rate': 0.5,
                            'activation_fn_hidden': 'relu',
                            'activation_fn_output': 'none',
                            'use_bias': True,
                            'n_feat': 128,
                            'n_class': 40}},
 'precision': {'enabled': True,
               'fp16_type': 'float16',
               'loss_scaling_factor': 'dynamic'},
 'loop': {'max_steps': 25, 'steps_per_epoch': 1, 'eval_frequency': 1},
 'logging': {'log_steps': 1},
 'train_dataloader': {'data_processor': 'GNNDataProcessor',
                      'sampling_mode': 'full_graph',
                      'batch_size': 1,
                      'drop_last_batch': False,
                      'shuffle': False,
                      'num_workers': 0,
                      'adj_normalization': 'gcn',
                      'split': 'train',
                      'dataset_profiles': {'ogbn_arxiv': {'dataset_name': 'ogbn-arxiv',
                                                          'data_dir': '$MODELZOO_ROOT/models/gnn/data/datasets',
                                                          'pad_node_id': 0}},
                      'dataset': 'ogbn_arxiv',
                      'persistent_workers': False,
                      'pin_memory': True,
                      'prefetch_factor': None,
                      'caching_percent': 0.0},
 'val_dataloader': {'data_processor': 'GNNDataProcessor',
                    'sampling_mode': 'full_graph',
                    'batch_size': 1,
                    'drop_last_batch': False,
                    'shuffle': False,
                    'num_workers': 0,
                    'adj_normalization': 'gcn',
                    'split': 'val',
                    'dataset_profiles': {'ogbn_arxiv': {'dataset_name': 'ogbn-arxiv',
                                                        'data_dir': '$MODELZOO_ROOT/models/gnn/data/datasets',
                                                        'pad_node_id': 0}},
                    'dataset': 'ogbn_arxiv',
                    'persistent_workers': False,
                    'pin_memory': True,
                    'prefetch_factor': None}}
effective_config_end
2026-06-19 16:21:17 [INFO] Run metadata: python_helper_end
2026-06-19 16:21:17 [INFO] Executing model script in: /work/1/AC2/watanuki/gnn-modelzoo-v2.6
2026-06-19 16:21:17 [INFO] Executing: uv run src/cerebras/modelzoo/models/gnn/pyg_gcn.py --config src/cerebras/modelzoo/models/gnn/configs/params_gcn_ogbn_arxiv_pyg_throughput_nocache.yaml
[ddp] Single-process mode: device=cuda
[Info] Running in Single-Process mode (CPU or Single GPU).
[Info] Device: cuda
[Step=0001] Wall=12.1118s | Loss=3.6777
[Profile] Avg ms/step | Load: 15.634 (Prep: 0.275, Struc: 15.348, Fetch: 0.011) | Fwd: 10065.670 | Bwd: 1982.333 | Opt: 39.905 | GPU_Tot: 12103.267
[Throughput] Samples: 7508.40 samples/s (7508.40) | Edges: 191183.67 edges/s (191183.65)
[Step=0002] Wall=12.1204s | Loss=3.6135
[Profile] Avg ms/step | Load: 8.146 (Prep: 0.310, Struc: 7.827, Fetch: 0.008) | Fwd: 5035.091 | Bwd: 992.571 | Opt: 20.172 | GPU_Tot: 6055.670
[Throughput] Samples: 15006.10 samples/s (6321384.72) | Edges: 382094.91 edges/s (160961252.50)
[Step=0003] Wall=12.1283s | Loss=3.5559
[Profile] Avg ms/step | Load: 5.481 (Prep: 0.240, Struc: 5.234, Fetch: 0.008) | Fwd: 3358.163 | Bwd: 662.662 | Opt: 13.569 | GPU_Tot: 4039.636
[Throughput] Samples: 22494.60 samples/s (9490215.67) | Edges: 572772.00 edges/s (241664661.47)
[Step=0004] Wall=12.1361s | Loss=3.5009
[Profile] Avg ms/step | Load: 4.145 (Prep: 0.201, Struc: 3.937, Fetch: 0.007) | Fwd: 2519.706 | Bwd: 497.697 | Opt: 10.268 | GPU_Tot: 3031.615
[Throughput] Samples: 29973.51 samples/s (10785207.42) | Edges: 763204.68 edges/s (274583065.20)
[Step=0005] Wall=12.1438s | Loss=3.4453
[Profile] Avg ms/step | Load: 3.342 (Prep: 0.178, Struc: 3.158, Fetch: 0.007) | Fwd: 2016.605 | Bwd: 398.729 | Opt: 8.286 | GPU_Tot: 2426.785
[Throughput] Samples: 37443.11 samples/s (11392746.94) | Edges: 953400.41 edges/s (290135144.07)
[Step=0006] Wall=12.1516s | Loss=3.3892
[Profile] Avg ms/step | Load: 2.806 (Prep: 0.161, Struc: 2.638, Fetch: 0.007) | Fwd: 1681.224 | Bwd: 332.741 | Opt: 6.965 | GPU_Tot: 2023.575
[Throughput] Samples: 44903.03 samples/s (11588678.29) | Edges: 1143349.89 edges/s (295098070.33)
[Step=0007] Wall=12.1593s | Loss=3.3303
[Profile] Avg ms/step | Load: 2.423 (Prep: 0.149, Struc: 2.267, Fetch: 0.007) | Fwd: 1441.651 | Bwd: 285.615 | Opt: 6.019 | GPU_Tot: 1735.559
[Throughput] Samples: 52353.71 samples/s (11724237.38) | Edges: 1333063.81 edges/s (298547920.71)
[Step=0008] Wall=12.1670s | Loss=3.2809
[Profile] Avg ms/step | Load: 2.137 (Prep: 0.141, Struc: 1.989, Fetch: 0.007) | Fwd: 1261.984 | Bwd: 250.263 | Opt: 5.311 | GPU_Tot: 1519.554
[Throughput] Samples: 59794.68 samples/s (11726528.56) | Edges: 1522530.55 edges/s (298591836.46)
[Step=0009] Wall=12.1747s | Loss=3.2252
[Profile] Avg ms/step | Load: 1.912 (Prep: 0.133, Struc: 1.773, Fetch: 0.007) | Fwd: 1122.231 | Bwd: 222.774 | Opt: 4.759 | GPU_Tot: 1351.543
[Throughput] Samples: 67226.61 samples/s (11800837.48) | Edges: 1711767.22 edges/s (300479105.15)
[Step=0010] Wall=12.1824s | Loss=3.1837
[Profile] Avg ms/step | Load: 0.000 (Prep: 0.000, Struc: 0.000, Fetch: 0.000) | Fwd: 0.000 | Bwd: 0.000 | Opt: 0.000 | GPU_Tot: 0.000
[Throughput] Samples: 0.00 samples/s (0.00) | Edges: 0.00 edges/s (0.00)
[Step=0011] Wall=12.1900s | Loss=3.1460
[Profile] Avg ms/step | Load: 0.115 (Prep: 0.069, Struc: 0.041, Fetch: 0.006) | Fwd: 4.200 | Bwd: 2.838 | Opt: 0.334 | GPU_Tot: 7.418
[Throughput] Samples: 11832026.11 samples/s (7144984.07) | Edges: 301154848.43 edges/s (181903674.34)
[Step=0012] Wall=12.1978s | Loss=3.1180
[Profile] Avg ms/step | Load: 0.116 (Prep: 0.070, Struc: 0.040, Fetch: 0.006) | Fwd: 4.252 | Bwd: 2.822 | Opt: 0.334 | GPU_Tot: 7.454
[Throughput] Samples: 11811774.29 samples/s (9932750.49) | Edges: 300697802.34 edges/s (252909417.42)
[Step=0013] Wall=12.2054s | Loss=3.0896
[Profile] Avg ms/step | Load: 0.118 (Prep: 0.072, Struc: 0.040, Fetch: 0.006) | Fwd: 4.229 | Bwd: 2.838 | Opt: 0.335 | GPU_Tot: 7.447
[Throughput] Samples: 11829736.40 samples/s (11092532.97) | Edges: 301173192.60 edges/s (282438239.71)
[Step=0014] Wall=12.2131s | Loss=3.0688
[Profile] Avg ms/step | Load: 0.118 (Prep: 0.072, Struc: 0.040, Fetch: 0.006) | Fwd: 4.247 | Bwd: 2.830 | Opt: 0.334 | GPU_Tot: 7.457
[Throughput] Samples: 11820266.21 samples/s (11512474.61) | Edges: 300949373.54 edges/s (293142165.91)
[Step=0015] Wall=12.2208s | Loss=3.0457
[Profile] Avg ms/step | Load: 0.118 (Prep: 0.072, Struc: 0.040, Fetch: 0.006) | Fwd: 4.237 | Bwd: 2.836 | Opt: 0.334 | GPU_Tot: 7.454
[Throughput] Samples: 11829126.85 samples/s (11723697.20) | Edges: 301178271.91 edges/s (298518520.90)
[Step=0016] Wall=12.2285s | Loss=3.0245
[Profile] Avg ms/step | Load: 0.118 (Prep: 0.072, Struc: 0.040, Fetch: 0.006) | Fwd: 4.247 | Bwd: 2.831 | Opt: 0.335 | GPU_Tot: 7.460
[Throughput] Samples: 11822691.48 samples/s (11763943.14) | Edges: 301018277.49 edges/s (299536717.92)
[Step=0017] Wall=12.2362s | Loss=3.0081
[Profile] Avg ms/step | Load: 0.118 (Prep: 0.072, Struc: 0.040, Fetch: 0.006) | Fwd: 4.239 | Bwd: 2.836 | Opt: 0.334 | GPU_Tot: 7.456
[Throughput] Samples: 11831162.11 samples/s (11834998.80) | Edges: 301236885.76 edges/s (301346332.35)
[Step=0018] Wall=12.2439s | Loss=2.9919
[Profile] Avg ms/step | Load: 0.118 (Prep: 0.071, Struc: 0.041, Fetch: 0.006) | Fwd: 4.247 | Bwd: 2.832 | Opt: 0.333 | GPU_Tot: 7.459
[Throughput] Samples: 11827331.57 samples/s (11814406.88) | Edges: 301141473.61 edges/s (300825547.37)
[Step=0019] Wall=12.2515s | Loss=2.9711
[Profile] Avg ms/step | Load: 0.118 (Prep: 0.071, Struc: 0.041, Fetch: 0.006) | Fwd: 4.241 | Bwd: 2.836 | Opt: 0.332 | GPU_Tot: 7.456
[Throughput] Samples: 11833036.91 samples/s (11853093.62) | Edges: 301288914.64 edges/s (301817971.49)
[Step=0020] Wall=12.2592s | Loss=2.9521
[Profile] Avg ms/step | Load: 0.118 (Prep: 0.071, Struc: 0.041, Fetch: 0.006) | Fwd: 4.249 | Bwd: 2.832 | Opt: 0.331 | GPU_Tot: 7.458
[Throughput] Samples: 11831345.57 samples/s (11830826.92) | Edges: 301246600.78 edges/s (301244089.79)
[Step=0021] Wall=12.2669s | Loss=2.9348
[Profile] Avg ms/step | Load: 0.118 (Prep: 0.071, Struc: 0.041, Fetch: 0.006) | Fwd: 4.244 | Bwd: 2.834 | Opt: 0.331 | GPU_Tot: 7.455
[Throughput] Samples: 11837029.96 samples/s (11868996.73) | Edges: 301393352.06 edges/s (302220845.24)
[Step=0022] Wall=12.2746s | Loss=2.9184
[Profile] Avg ms/step | Load: 0.117 (Prep: 0.071, Struc: 0.041, Fetch: 0.006) | Fwd: 4.247 | Bwd: 2.832 | Opt: 0.331 | GPU_Tot: 7.456
[Throughput] Samples: 11837034.18 samples/s (11849656.66) | Edges: 301393134.22 edges/s (301721392.24)
[Step=0023] Wall=12.2822s | Loss=2.8969
[Profile] Avg ms/step | Load: 0.117 (Prep: 0.071, Struc: 0.041, Fetch: 0.006) | Fwd: 4.242 | Bwd: 2.834 | Opt: 0.332 | GPU_Tot: 7.455
[Throughput] Samples: 11839943.93 samples/s (11864864.96) | Edges: 301467943.49 edges/s (302110474.74)
[Step=0024] Wall=12.2899s | Loss=2.8816
[Profile] Avg ms/step | Load: 0.117 (Prep: 0.071, Struc: 0.041, Fetch: 0.006) | Fwd: 4.243 | Bwd: 2.831 | Opt: 0.332 | GPU_Tot: 7.453
[Throughput] Samples: 11841947.77 samples/s (11866888.58) | Edges: 301519800.28 edges/s (302160653.80)
[Step=0025] Wall=12.2975s | Loss=2.8600
[Profile] Avg ms/step | Load: 0.118 (Prep: 0.071, Struc: 0.041, Fetch: 0.006) | Fwd: 4.240 | Bwd: 2.833 | Opt: 0.333 | GPU_Tot: 7.452
[Throughput] Samples: 11843412.38 samples/s (11865128.46) | Edges: 301557764.16 edges/s (302119413.04)
------------------------------------------------------------
Training Completed. Total Steps: 25 (Active: 15)
Avg Breakdown (ms): Load=0.118 [Prep:0.071, Struc:0.041, Fetch:0.006], Fwd=4.240, Bwd=2.833, Opt=0.333
------------------------------------------------------------
Checkpoint saved: /work/1/AC2/watanuki/gnn-modelzoo-v2.6/src/cerebras/modelzoo/models/gnn/docs/artifacts/runtime/model_dirs/ogbn_arxiv_gcn_pyg_throughput_nocache/last.pt
2026-06-19 16:21:39 [INFO] Model execution finished.
2026-06-19 16:21:39 [INFO] Model execution process completed successfully.
2026-06-19 16:21:39 [INFO] run_pyg.sh finished successfully.
