[pbs] PYG_BENCHMARK=graphsage_ogbn_arxiv
[pbs] PYG_RUN_PROFILE=throughput_cache
[pbs] PYG_NO_COMPILE=0
[pbs] CONFIG_PATH=src/cerebras/modelzoo/models/gnn/configs/params_graphsage_ogbn_arxiv_pyg_throughput_cache.yaml
[pbs] PBS_JOBID=0:843859.nqsv
[pbs] PBS_O_WORKDIR=/work/1/AC2/watanuki/gnn-modelzoo-v2.6
[pbs] hostname=bnode045
2026-06-19 15:58:10 [INFO] Loading CUDA module: cuda
2026-06-19 15:58:10 [INFO] CUDA module loaded: cuda
2026-06-19 15:58:10 [INFO] CUDA toolkit root: /system/apps/ubuntu/22.04-202604/cuda/13.0.2
2026-06-19 15:58:10 [INFO] nvcc: Build cuda_13.0.r13.0/compiler.36424714_0
Done. Logs saved under: /work/1/AC2/watanuki/gnn-modelzoo-v2.6/benchmark_scripts/hwinfo/graphsage_ogbn_arxiv_throughput_cache_0:843859.nqsv
Combined: /work/1/AC2/watanuki/gnn-modelzoo-v2.6/benchmark_scripts/hwinfo/graphsage_ogbn_arxiv_throughput_cache_0:843859.nqsv/all_bnode045_20260619_155810.log
Summary : /work/1/AC2/watanuki/gnn-modelzoo-v2.6/benchmark_scripts/hwinfo/graphsage_ogbn_arxiv_throughput_cache_0:843859.nqsv/summary_bnode045_20260619_155810.txt
2026-06-19 15:58:10 [INFO] Starting PyG GNN run
2026-06-19 15:58:10 [INFO] Checking for conflicting environment modules
2026-06-19 15:58:10 [INFO] Module 'intelpython/2022.3.1' is loaded. Attempting to unload...
2026-06-19 15:58:10 [INFO] 'intelpython/2022.3.1' unloaded successfully.
2026-06-19 15:58:10 [INFO] Loading CUDA toolkit module for production GPU run
2026-06-19 15:58:10 [INFO] Loading CUDA module: cuda
2026-06-19 15:58:10 [INFO] CUDA module loaded: cuda
2026-06-19 15:58:10 [INFO] CUDA toolkit root: /system/apps/ubuntu/22.04-202604/cuda/13.0.2
2026-06-19 15:58:10 [INFO] nvcc: Build cuda_13.0.r13.0/compiler.36424714_0
2026-06-19 15:58:10 [INFO] Run metadata: script=run_pyg.sh
2026-06-19 15:58:10 [INFO] Run metadata: python_script=src/cerebras/modelzoo/models/gnn/pyg_graphsage.py
2026-06-19 15:58:10 [INFO] Run metadata: project_root=/work/1/AC2/watanuki/gnn-modelzoo-v2.6
2026-06-19 15:58:10 [INFO] Run metadata: config=src/cerebras/modelzoo/models/gnn/configs/params_graphsage_ogbn_arxiv_pyg_throughput_cache.yaml
2026-06-19 15:58:10 [INFO] Run metadata: no_compile=0
2026-06-19 15:58:10 [INFO] Run metadata: hostname=bnode045
2026-06-19 15:58:10 [INFO] Run metadata: CUDA_HOME=/system/apps/ubuntu/22.04-202604/cuda/13.0.2
2026-06-19 15:58:10 [INFO] Run metadata: CUDA_TOOLKIT_ROOT_DIR=/system/apps/ubuntu/22.04-202604/cuda/13.0.2
2026-06-19 15:58:10 [INFO] Run metadata: PYTHONPATH=/work/1/AC2/watanuki/gnn-modelzoo-v2.6/src
2026-06-19 15:58:10 [INFO] Run metadata: git_commit=b604f2e571da871ea544d1ae87b5d6c8d6d9e327
2026-06-19 15:58:10 [INFO] Run metadata: git_status_short_begin
?? benchmark_scripts/hwinfo/graphsage_ogbn_arxiv_throughput_cache_0:843859.nqsv/
?? benchmark_scripts/hwinfo/graphsage_ogbn_arxiv_throughput_nocache_0:843858.nqsv/
?? logs/
?? run_pyg_nqsv.pbs.e843858
?? run_pyg_nqsv.pbs.o843858
?? src/gnn_modelzoo_v2_6.egg-info/
2026-06-19 15:58:10 [INFO] Run metadata: git_status_short_end
2026-06-19 15:58:10 [INFO] Run metadata: nvidia-smi_begin
Fri Jun 19 15:58:10 2026       
+-----------------------------------------------------------------------------------------+
| NVIDIA-SMI 580.95.05              Driver Version: 580.95.05      CUDA Version: 13.0     |
+-----------------------------------------+------------------------+----------------------+
| GPU  Name                 Persistence-M | Bus-Id          Disp.A | Volatile Uncorr. ECC |
| Fan  Temp   Perf          Pwr:Usage/Cap |           Memory-Usage | GPU-Util  Compute M. |
|                                         |                        |               MIG M. |
|=========================================+========================+======================|
|   0  NVIDIA H100 PCIe               On  |   00000000:16:00.0 Off |                    0 |
| N/A   33C    P0             46W /  350W |       0MiB /  81559MiB |      0%      Default |
|                                         |                        |             Disabled |
+-----------------------------------------+------------------------+----------------------+

+-----------------------------------------------------------------------------------------+
| Processes:                                                                              |
|  GPU   GI   CI              PID   Type   Process name                        GPU Memory |
|        ID   ID                                                               Usage      |
|=========================================================================================|
|  No running processes found                                                             |
+-----------------------------------------------------------------------------------------+
2026-06-19 15:58:10 [INFO] Run metadata: nvidia-smi_end
2026-06-19 15:58:10 [INFO] Run metadata: nvcc_begin
nvcc: NVIDIA (R) Cuda compiler driver
Copyright (c) 2005-2025 NVIDIA Corporation
Built on Wed_Aug_20_01:58:59_PM_PDT_2025
Cuda compilation tools, release 13.0, V13.0.88
Build cuda_13.0.r13.0/compiler.36424714_0
2026-06-19 15:58:10 [INFO] Run metadata: nvcc_end
2026-06-19 15:58:10 [INFO] Run metadata: python_helper_begin
python_environment_begin
python=3.11.12
torch=2.4.0+cu121
torch_cuda=12.1
cuda_available=True
cuda_device_count=1
cuda_device_0=NVIDIA H100 PCIe
torch_geometric=2.7.0
pyg_lib_available=True
NO_COMPILE=
requested_no_compile=False
python_environment_end
effective_config_begin
{'model': {'name': 'gnn',
           'task': {'compute_eval_metrics': False,
                    'disable_log_softmax': False,
                    'to_float16': True},
           'architecture': {'type': 'graphsage',
                            'hidden_dim': 1024,
                            'num_layers': 3,
                            'dropout': 0.5,
                            'aggregator': 'mean',
                            'n_feat': 128,
                            'n_class': 40}},
 'precision': {'enabled': True,
               'fp16_type': 'float16',
               'loss_scaling_factor': 'dynamic'},
 'loop': {'max_steps': 500, 'steps_per_epoch': 20, 'eval_frequency': 20},
 'logging': {'log_steps': 20},
 'train_dataloader': {'data_processor': 'GNNDataProcessor',
                      'sampling_mode': 'neighbor',
                      'fanouts': [15, 10, 5],
                      'batch_size': 4096,
                      'drop_last_batch': False,
                      'num_workers': 8,
                      'prefetch_factor': 2,
                      'persistent_workers': True,
                      'pin_memory': True,
                      'sampler_seed': 42,
                      'shuffle': True,
                      'caching_percent': 1.0,
                      'split': 'train',
                      'dataset_profiles': {'ogbn_arxiv': {'dataset_name': 'ogbn-arxiv',
                                                          'data_dir': '$MODELZOO_ROOT/models/gnn/data/datasets',
                                                          'pad_node_id': 0}},
                      'dataset': 'ogbn_arxiv'},
 'val_dataloader': {'data_processor': 'GNNDataProcessor',
                    'sampling_mode': 'neighbor',
                    'fanouts': [15, 10, 5],
                    'batch_size': 4096,
                    'drop_last_batch': False,
                    'num_workers': 8,
                    'prefetch_factor': 2,
                    'persistent_workers': True,
                    'pin_memory': True,
                    'sampler_seed': 42,
                    'shuffle': False,
                    'split': 'valid',
                    'dataset_profiles': {'ogbn_arxiv': {'dataset_name': 'ogbn-arxiv',
                                                        'data_dir': '$MODELZOO_ROOT/models/gnn/data/datasets',
                                                        'pad_node_id': 0}},
                    'dataset': 'ogbn_arxiv'}}
effective_config_end
2026-06-19 15:58:16 [INFO] Run metadata: python_helper_end
2026-06-19 15:58:16 [INFO] Executing model script in: /work/1/AC2/watanuki/gnn-modelzoo-v2.6
2026-06-19 15:58:16 [INFO] Executing: uv run src/cerebras/modelzoo/models/gnn/pyg_graphsage.py --config src/cerebras/modelzoo/models/gnn/configs/params_graphsage_ogbn_arxiv_pyg_throughput_cache.yaml
[ddp] Single-process mode: device=cuda
[Info] Running in Single-Process mode (CPU or Single GPU).
[Info] Device: cuda
[GraphCache] Caching 169343 / 169343 nodes (100.0%) on cuda...
[GraphCache] Moving features to GPU...
[GraphCache] Layout complete. Cached features size: torch.Size([169343, 128])
[Step=0020] Wall=13.1136s | Loss=4.6832
[Profile] Avg ms/step | Load: 0.730 (Prep: 0.038, Struc: 0.284, Fetch: 0.409) | Fwd: 8.409 | Bwd: 9.658 | Opt: 0.458 | GPU_Tot: 19.218
[Throughput] Samples: 211962.50 samples/s (211955.58) | Edges: 22472637.00 edges/s (22472489.55)
[Step=0040] Wall=13.5642s | Loss=2.4966
[Profile] Avg ms/step | Load: 3.036 (Prep: 2.322, Struc: 0.293, Fetch: 0.422) | Fwd: 8.315 | Bwd: 9.526 | Opt: 0.505 | GPU_Tot: 19.061
[Throughput] Samples: 185807.31 samples/s (189535.52) | Edges: 19868886.82 edges/s (20240172.88)
[Step=0060] Wall=14.0092s | Loss=1.9607
[Profile] Avg ms/step | Load: 3.415 (Prep: 2.689, Struc: 0.294, Fetch: 0.433) | Fwd: 8.288 | Bwd: 9.488 | Opt: 0.508 | GPU_Tot: 19.011
[Throughput] Samples: 182099.68 samples/s (181856.00) | Edges: 19482389.68 edges/s (19450056.14)
[Step=0080] Wall=14.4771s | Loss=1.6804
[Profile] Avg ms/step | Load: 3.913 (Prep: 3.190, Struc: 0.293, Fetch: 0.430) | Fwd: 8.271 | Bwd: 9.472 | Opt: 0.507 | GPU_Tot: 18.973
[Throughput] Samples: 177894.54 samples/s (173607.62) | Edges: 19032483.67 edges/s (18571304.53)
[Step=0100] Wall=14.9369s | Loss=1.5003
[Profile] Avg ms/step | Load: 4.100 (Prep: 3.381, Struc: 0.292, Fetch: 0.427) | Fwd: 8.263 | Bwd: 9.464 | Opt: 0.504 | GPU_Tot: 18.950
[Throughput] Samples: 176331.60 samples/s (172067.76) | Edges: 18869535.86 edges/s (18419305.83)
[Step=0120] Wall=15.3852s | Loss=1.3839
[Profile] Avg ms/step | Load: 4.104 (Prep: 3.386, Struc: 0.292, Fetch: 0.426) | Fwd: 8.263 | Bwd: 9.464 | Opt: 0.502 | GPU_Tot: 18.947
[Throughput] Samples: 176171.66 samples/s (174098.45) | Edges: 18867465.80 edges/s (18682606.84)
[Step=0140] Wall=15.8280s | Loss=1.3320
[Profile] Avg ms/step | Load: 4.073 (Prep: 3.354, Struc: 0.292, Fetch: 0.426) | Fwd: 8.260 | Bwd: 9.459 | Opt: 0.501 | GPU_Tot: 18.939
[Throughput] Samples: 176390.94 samples/s (176206.09) | Edges: 18893718.56 edges/s (18896957.43)
[Step=0160] Wall=16.2245s | Loss=1.2775
[Profile] Avg ms/step | Load: 3.683 (Prep: 2.968, Struc: 0.291, Fetch: 0.424) | Fwd: 8.285 | Bwd: 9.489 | Opt: 0.498 | GPU_Tot: 18.988
[Throughput] Samples: 180018.22 samples/s (194454.30) | Edges: 19263568.90 edges/s (20744327.04)
[Step=0180] Wall=16.6787s | Loss=1.2474
[Profile] Avg ms/step | Load: 3.774 (Prep: 3.058, Struc: 0.292, Fetch: 0.424) | Fwd: 8.281 | Bwd: 9.484 | Opt: 0.497 | GPU_Tot: 18.978
[Throughput] Samples: 179189.76 samples/s (181679.63) | Edges: 19177090.51 edges/s (19426551.72)
[Step=0200] Wall=17.1243s | Loss=1.2099
[Profile] Avg ms/step | Load: 3.796 (Prep: 3.080, Struc: 0.291, Fetch: 0.425) | Fwd: 8.279 | Bwd: 9.479 | Opt: 0.498 | GPU_Tot: 18.973
[Throughput] Samples: 178907.58 samples/s (178588.21) | Edges: 19151077.72 edges/s (19129612.66)
[Step=0220] Wall=17.5979s | Loss=1.2040
[Profile] Avg ms/step | Load: 3.952 (Prep: 3.237, Struc: 0.291, Fetch: 0.424) | Fwd: 8.276 | Bwd: 9.475 | Opt: 0.497 | GPU_Tot: 18.964
[Throughput] Samples: 177606.94 samples/s (171073.04) | Edges: 19013481.50 edges/s (18327165.25)
[Step=0240] Wall=18.0523s | Loss=1.1690
[Profile] Avg ms/step | Load: 3.995 (Prep: 3.281, Struc: 0.291, Fetch: 0.423) | Fwd: 8.274 | Bwd: 9.473 | Opt: 0.498 | GPU_Tot: 18.959
[Throughput] Samples: 177208.03 samples/s (172290.07) | Edges: 18972938.04 edges/s (18464210.98)
[Step=0260] Wall=18.5205s | Loss=1.1526
[Profile] Avg ms/step | Load: 4.090 (Prep: 3.376, Struc: 0.291, Fetch: 0.423) | Fwd: 8.271 | Bwd: 9.469 | Opt: 0.497 | GPU_Tot: 18.951
[Throughput] Samples: 176436.97 samples/s (169707.36) | Edges: 18889435.97 edges/s (18170209.83)
[Step=0280] Wall=18.9659s | Loss=1.1412
[Profile] Avg ms/step | Load: 4.087 (Prep: 3.374, Struc: 0.291, Fetch: 0.422) | Fwd: 8.267 | Bwd: 9.466 | Opt: 0.498 | GPU_Tot: 18.944
[Throughput] Samples: 176447.31 samples/s (173829.42) | Edges: 18891202.07 edges/s (18616125.77)
[Step=0300] Wall=19.4315s | Loss=1.1321
[Profile] Avg ms/step | Load: 4.154 (Prep: 3.442, Struc: 0.291, Fetch: 0.422) | Fwd: 8.266 | Bwd: 9.464 | Opt: 0.495 | GPU_Tot: 18.937
[Throughput] Samples: 175910.19 samples/s (170893.19) | Edges: 18835137.05 edges/s (18310724.63)
[Step=0320] Wall=19.8286s | Loss=1.1168
[Profile] Avg ms/step | Load: 3.962 (Prep: 3.250, Struc: 0.290, Fetch: 0.421) | Fwd: 8.277 | Bwd: 9.478 | Opt: 0.495 | GPU_Tot: 18.962
[Throughput] Samples: 177657.65 samples/s (192144.79) | Edges: 19012832.24 edges/s (20480302.17)
[Step=0340] Wall=20.2947s | Loss=1.1120
[Profile] Avg ms/step | Load: 4.028 (Prep: 3.317, Struc: 0.290, Fetch: 0.421) | Fwd: 8.275 | Bwd: 9.475 | Opt: 0.495 | GPU_Tot: 18.956
[Throughput] Samples: 177094.56 samples/s (178107.29) | Edges: 18953810.80 edges/s (19039530.84)
[Step=0360] Wall=20.7581s | Loss=1.1034
[Profile] Avg ms/step | Load: 4.079 (Prep: 3.368, Struc: 0.290, Fetch: 0.421) | Fwd: 8.273 | Bwd: 9.473 | Opt: 0.495 | GPU_Tot: 18.953
[Throughput] Samples: 176658.85 samples/s (173077.96) | Edges: 18908807.51 edges/s (18531425.39)
[Step=0380] Wall=21.2044s | Loss=1.0842
[Profile] Avg ms/step | Load: 4.077 (Prep: 3.365, Struc: 0.291, Fetch: 0.422) | Fwd: 8.273 | Bwd: 9.471 | Opt: 0.495 | GPU_Tot: 18.952
[Throughput] Samples: 176635.10 samples/s (174962.13) | Edges: 18907894.54 edges/s (18747690.43)
[Step=0400] Wall=21.6555s | Loss=1.0755
[Profile] Avg ms/step | Load: 4.086 (Prep: 3.374, Struc: 0.291, Fetch: 0.422) | Fwd: 8.273 | Bwd: 9.470 | Opt: 0.495 | GPU_Tot: 18.951
[Throughput] Samples: 176518.92 samples/s (174615.80) | Edges: 18896246.77 edges/s (18708464.77)
[Step=0420] Wall=22.1178s | Loss=1.0748
[Profile] Avg ms/step | Load: 4.124 (Prep: 3.412, Struc: 0.291, Fetch: 0.422) | Fwd: 8.272 | Bwd: 9.469 | Opt: 0.495 | GPU_Tot: 18.948
[Throughput] Samples: 176196.71 samples/s (171912.11) | Edges: 18863653.49 edges/s (18432123.92)
[Step=0440] Wall=22.5673s | Loss=1.0697
[Profile] Avg ms/step | Load: 4.128 (Prep: 3.415, Struc: 0.291, Fetch: 0.422) | Fwd: 8.272 | Bwd: 9.468 | Opt: 0.494 | GPU_Tot: 18.947
[Throughput] Samples: 176139.60 samples/s (173747.31) | Edges: 18859546.97 edges/s (18638160.98)
[Step=0460] Wall=22.9545s | Loss=1.0563
[Profile] Avg ms/step | Load: 3.994 (Prep: 3.283, Struc: 0.290, Fetch: 0.421) | Fwd: 8.271 | Bwd: 9.467 | Opt: 0.493 | GPU_Tot: 18.943
[Throughput] Samples: 177182.27 samples/s (191397.61) | Edges: 18972484.89 edges/s (20527310.81)
[Step=0480] Wall=23.4441s | Loss=1.0564
[Profile] Avg ms/step | Load: 4.068 (Prep: 3.356, Struc: 0.290, Fetch: 0.421) | Fwd: 8.280 | Bwd: 9.477 | Opt: 0.494 | GPU_Tot: 18.962
[Throughput] Samples: 176723.89 samples/s (176956.53) | Edges: 18917029.16 edges/s (18879184.50)
[Step=0500] Wall=23.9135s | Loss=1.0443
[Profile] Avg ms/step | Load: 4.114 (Prep: 3.402, Struc: 0.290, Fetch: 0.422) | Fwd: 8.279 | Bwd: 9.476 | Opt: 0.494 | GPU_Tot: 18.961
[Throughput] Samples: 176331.15 samples/s (171299.38) | Edges: 18876796.01 edges/s (18336656.56)
------------------------------------------------------------
Training Completed. Total Steps: 500 (Active: 490)
Avg Breakdown (ms): Load=4.114 [Prep:3.402, Struc:0.290, Fetch:0.422], Fwd=8.279, Bwd=9.476, Opt=0.494
------------------------------------------------------------
Checkpoint saved: /work/1/AC2/watanuki/gnn-modelzoo-v2.6/src/cerebras/modelzoo/models/gnn/docs/artifacts/runtime/model_dirs/ogbn_arxiv_graphsage_pyg_throughput_cache/last.pt
2026-06-19 15:59:31 [INFO] Model execution finished.
2026-06-19 15:59:31 [INFO] Model execution process completed successfully.
2026-06-19 15:59:31 [INFO] run_pyg.sh finished successfully.
