[pbs] PYG_BENCHMARK=graphsage_ogbn_arxiv
[pbs] PYG_RUN_PROFILE=throughput_nocache
[pbs] PYG_NO_COMPILE=0
[pbs] CONFIG_PATH=src/cerebras/modelzoo/models/gnn/configs/params_graphsage_ogbn_arxiv_pyg_throughput_nocache.yaml
[pbs] PBS_JOBID=0:843858.nqsv
[pbs] PBS_O_WORKDIR=/work/1/AC2/watanuki/gnn-modelzoo-v2.6
[pbs] hostname=bnode045
2026-06-19 15:54:47 [INFO] Loading CUDA module: cuda
2026-06-19 15:54:47 [INFO] CUDA module loaded: cuda
2026-06-19 15:54:47 [INFO] CUDA toolkit root: /system/apps/ubuntu/22.04-202604/cuda/13.0.2
2026-06-19 15:54:48 [INFO] nvcc: Build cuda_13.0.r13.0/compiler.36424714_0
Done. Logs saved under: /work/1/AC2/watanuki/gnn-modelzoo-v2.6/benchmark_scripts/hwinfo/graphsage_ogbn_arxiv_throughput_nocache_0:843858.nqsv
Combined: /work/1/AC2/watanuki/gnn-modelzoo-v2.6/benchmark_scripts/hwinfo/graphsage_ogbn_arxiv_throughput_nocache_0:843858.nqsv/all_bnode045_20260619_155448.log
Summary : /work/1/AC2/watanuki/gnn-modelzoo-v2.6/benchmark_scripts/hwinfo/graphsage_ogbn_arxiv_throughput_nocache_0:843858.nqsv/summary_bnode045_20260619_155448.txt
2026-06-19 15:54:48 [INFO] Starting PyG GNN run
2026-06-19 15:54:48 [INFO] Checking for conflicting environment modules
2026-06-19 15:54:48 [INFO] Module 'intelpython/2022.3.1' is loaded. Attempting to unload...
2026-06-19 15:54:48 [INFO] 'intelpython/2022.3.1' unloaded successfully.
2026-06-19 15:54:48 [INFO] Loading CUDA toolkit module for production GPU run
2026-06-19 15:54:48 [INFO] Loading CUDA module: cuda
2026-06-19 15:54:48 [INFO] CUDA module loaded: cuda
2026-06-19 15:54:48 [INFO] CUDA toolkit root: /system/apps/ubuntu/22.04-202604/cuda/13.0.2
2026-06-19 15:54:48 [INFO] nvcc: Build cuda_13.0.r13.0/compiler.36424714_0
2026-06-19 15:54:48 [INFO] Run metadata: script=run_pyg.sh
2026-06-19 15:54:48 [INFO] Run metadata: python_script=src/cerebras/modelzoo/models/gnn/pyg_graphsage.py
2026-06-19 15:54:48 [INFO] Run metadata: project_root=/work/1/AC2/watanuki/gnn-modelzoo-v2.6
2026-06-19 15:54:48 [INFO] Run metadata: config=src/cerebras/modelzoo/models/gnn/configs/params_graphsage_ogbn_arxiv_pyg_throughput_nocache.yaml
2026-06-19 15:54:48 [INFO] Run metadata: no_compile=0
2026-06-19 15:54:48 [INFO] Run metadata: hostname=bnode045
2026-06-19 15:54:48 [INFO] Run metadata: CUDA_HOME=/system/apps/ubuntu/22.04-202604/cuda/13.0.2
2026-06-19 15:54:48 [INFO] Run metadata: CUDA_TOOLKIT_ROOT_DIR=/system/apps/ubuntu/22.04-202604/cuda/13.0.2
2026-06-19 15:54:48 [INFO] Run metadata: PYTHONPATH=/work/1/AC2/watanuki/gnn-modelzoo-v2.6/src
2026-06-19 15:54:48 [INFO] Run metadata: git_commit=b604f2e571da871ea544d1ae87b5d6c8d6d9e327
2026-06-19 15:54:48 [INFO] Run metadata: git_status_short_begin
?? benchmark_scripts/hwinfo/graphsage_ogbn_arxiv_throughput_nocache_0:843858.nqsv/
?? logs/
?? src/gnn_modelzoo_v2_6.egg-info/
2026-06-19 15:54:49 [INFO] Run metadata: git_status_short_end
2026-06-19 15:54:49 [INFO] Run metadata: nvidia-smi_begin
Fri Jun 19 15:54:49 2026       
+-----------------------------------------------------------------------------------------+
| NVIDIA-SMI 580.95.05              Driver Version: 580.95.05      CUDA Version: 13.0     |
+-----------------------------------------+------------------------+----------------------+
| GPU  Name                 Persistence-M | Bus-Id          Disp.A | Volatile Uncorr. ECC |
| Fan  Temp   Perf          Pwr:Usage/Cap |           Memory-Usage | GPU-Util  Compute M. |
|                                         |                        |               MIG M. |
|=========================================+========================+======================|
|   0  NVIDIA H100 PCIe               On  |   00000000:16:00.0 Off |                    0 |
| N/A   31C    P0             46W /  350W |       0MiB /  81559MiB |      0%      Default |
|                                         |                        |             Disabled |
+-----------------------------------------+------------------------+----------------------+

+-----------------------------------------------------------------------------------------+
| Processes:                                                                              |
|  GPU   GI   CI              PID   Type   Process name                        GPU Memory |
|        ID   ID                                                               Usage      |
|=========================================================================================|
|  No running processes found                                                             |
+-----------------------------------------------------------------------------------------+
2026-06-19 15:54:49 [INFO] Run metadata: nvidia-smi_end
2026-06-19 15:54:49 [INFO] Run metadata: nvcc_begin
nvcc: NVIDIA (R) Cuda compiler driver
Copyright (c) 2005-2025 NVIDIA Corporation
Built on Wed_Aug_20_01:58:59_PM_PDT_2025
Cuda compilation tools, release 13.0, V13.0.88
Build cuda_13.0.r13.0/compiler.36424714_0
2026-06-19 15:54:49 [INFO] Run metadata: nvcc_end
2026-06-19 15:54:49 [INFO] Run metadata: python_helper_begin
python_environment_begin
python=3.11.12
torch=2.4.0+cu121
torch_cuda=12.1
cuda_available=True
cuda_device_count=1
cuda_device_0=NVIDIA H100 PCIe
torch_geometric=2.7.0
pyg_lib_available=True
NO_COMPILE=
requested_no_compile=False
python_environment_end
effective_config_begin
{'model': {'name': 'gnn',
           'task': {'compute_eval_metrics': False,
                    'disable_log_softmax': False,
                    'to_float16': True},
           'architecture': {'type': 'graphsage',
                            'hidden_dim': 1024,
                            'num_layers': 3,
                            'dropout': 0.5,
                            'aggregator': 'mean',
                            'n_feat': 128,
                            'n_class': 40}},
 'precision': {'enabled': True,
               'fp16_type': 'float16',
               'loss_scaling_factor': 'dynamic'},
 'loop': {'max_steps': 500, 'steps_per_epoch': 20, 'eval_frequency': 20},
 'logging': {'log_steps': 20},
 'train_dataloader': {'data_processor': 'GNNDataProcessor',
                      'sampling_mode': 'neighbor',
                      'fanouts': [15, 10, 5],
                      'batch_size': 4096,
                      'drop_last_batch': False,
                      'num_workers': 8,
                      'prefetch_factor': 2,
                      'persistent_workers': True,
                      'pin_memory': True,
                      'sampler_seed': 42,
                      'shuffle': True,
                      'caching_percent': 0.0,
                      'split': 'train',
                      'dataset_profiles': {'ogbn_arxiv': {'dataset_name': 'ogbn-arxiv',
                                                          'data_dir': '$MODELZOO_ROOT/models/gnn/data/datasets',
                                                          'pad_node_id': 0}},
                      'dataset': 'ogbn_arxiv'},
 'val_dataloader': {'data_processor': 'GNNDataProcessor',
                    'sampling_mode': 'neighbor',
                    'fanouts': [15, 10, 5],
                    'batch_size': 4096,
                    'drop_last_batch': False,
                    'num_workers': 8,
                    'prefetch_factor': 2,
                    'persistent_workers': True,
                    'pin_memory': True,
                    'sampler_seed': 42,
                    'shuffle': False,
                    'split': 'valid',
                    'dataset_profiles': {'ogbn_arxiv': {'dataset_name': 'ogbn-arxiv',
                                                        'data_dir': '$MODELZOO_ROOT/models/gnn/data/datasets',
                                                        'pad_node_id': 0}},
                    'dataset': 'ogbn_arxiv'}}
effective_config_end
2026-06-19 15:55:40 [INFO] Run metadata: python_helper_end
2026-06-19 15:55:40 [INFO] Executing model script in: /work/1/AC2/watanuki/gnn-modelzoo-v2.6
2026-06-19 15:55:40 [INFO] Executing: uv run src/cerebras/modelzoo/models/gnn/pyg_graphsage.py --config src/cerebras/modelzoo/models/gnn/configs/params_graphsage_ogbn_arxiv_pyg_throughput_nocache.yaml
[ddp] Single-process mode: device=cuda
[Info] Running in Single-Process mode (CPU or Single GPU).
[Info] Device: cuda
[GraphCache] Caching disabled (0 nodes).
[Step=0020] Wall=22.1386s | Loss=4.6867
[Profile] Avg ms/step | Load: 10.659 (Prep: 0.048, Struc: 0.290, Fetch: 10.321) | Fwd: 8.570 | Bwd: 9.682 | Opt: 0.549 | GPU_Tot: 29.411
[Throughput] Samples: 138541.57 samples/s (138537.72) | Edges: 14688737.32 edges/s (14688685.75)
[Step=0040] Wall=22.8345s | Loss=2.5017
[Profile] Avg ms/step | Load: 14.378 (Prep: 2.077, Struc: 0.291, Fetch: 12.010) | Fwd: 8.467 | Bwd: 9.536 | Opt: 0.565 | GPU_Tot: 30.869
[Throughput] Samples: 120626.61 samples/s (123225.06) | Edges: 12898992.03 edges/s (13158662.27)
[Step=0060] Wall=23.5257s | Loss=1.9648
[Profile] Avg ms/step | Load: 15.047 (Prep: 2.521, Struc: 0.292, Fetch: 12.234) | Fwd: 8.436 | Bwd: 9.494 | Opt: 0.571 | GPU_Tot: 31.027
[Throughput] Samples: 117818.87 samples/s (117564.50) | Edges: 12605164.49 edges/s (12573649.41)
[Step=0080] Wall=24.2242s | Loss=1.6897
[Profile] Avg ms/step | Load: 15.436 (Prep: 2.731, Struc: 0.292, Fetch: 12.413) | Fwd: 8.424 | Bwd: 9.477 | Opt: 0.574 | GPU_Tot: 31.179
[Throughput] Samples: 116291.88 samples/s (114593.46) | Edges: 12441804.83 edges/s (12258369.97)
[Step=0100] Wall=24.9372s | Loss=1.5193
[Profile] Avg ms/step | Load: 15.812 (Prep: 3.073, Struc: 0.292, Fetch: 12.447) | Fwd: 8.418 | Bwd: 9.469 | Opt: 0.574 | GPU_Tot: 31.200
[Throughput] Samples: 114912.32 samples/s (112020.59) | Edges: 12296962.74 edges/s (11991313.71)
[Step=0120] Wall=25.6339s | Loss=1.4070
[Profile] Avg ms/step | Load: 15.902 (Prep: 3.247, Struc: 0.292, Fetch: 12.363) | Fwd: 8.416 | Bwd: 9.466 | Opt: 0.572 | GPU_Tot: 31.109
[Throughput] Samples: 114542.90 samples/s (112549.49) | Edges: 12267213.75 edges/s (12077564.99)
[Step=0140] Wall=26.3111s | Loss=1.3485
[Profile] Avg ms/step | Load: 15.819 (Prep: 3.283, Struc: 0.292, Fetch: 12.245) | Fwd: 8.411 | Bwd: 9.462 | Opt: 0.571 | GPU_Tot: 30.981
[Throughput] Samples: 114785.22 samples/s (114704.85) | Edges: 12294972.56 edges/s (12301252.85)
[Step=0160] Wall=26.9662s | Loss=1.2943
[Profile] Avg ms/step | Load: 15.549 (Prep: 2.922, Struc: 0.292, Fetch: 12.335) | Fwd: 8.438 | Bwd: 9.492 | Opt: 0.570 | GPU_Tot: 31.126
[Throughput] Samples: 116096.68 samples/s (120906.50) | Edges: 12423395.48 edges/s (12900052.19)
[Step=0180] Wall=27.6932s | Loss=1.2560
[Profile] Avg ms/step | Load: 15.817 (Prep: 3.150, Struc: 0.292, Fetch: 12.376) | Fwd: 8.434 | Bwd: 9.486 | Opt: 0.570 | GPU_Tot: 31.157
[Throughput] Samples: 115114.88 samples/s (113279.92) | Edges: 12319729.14 edges/s (12113495.69)
[Step=0200] Wall=28.3941s | Loss=1.2117
[Profile] Avg ms/step | Load: 15.891 (Prep: 3.175, Struc: 0.292, Fetch: 12.424) | Fwd: 8.431 | Bwd: 9.481 | Opt: 0.570 | GPU_Tot: 31.199
[Throughput] Samples: 114804.21 samples/s (112638.64) | Edges: 12289167.05 edges/s (12065847.31)
[Step=0220] Wall=29.1189s | Loss=1.2101
[Profile] Avg ms/step | Load: 16.066 (Prep: 3.304, Struc: 0.292, Fetch: 12.470) | Fwd: 8.427 | Bwd: 9.477 | Opt: 0.570 | GPU_Tot: 31.237
[Throughput] Samples: 114178.45 samples/s (110168.79) | Edges: 12223227.79 edges/s (11802658.96)
[Step=0240] Wall=29.8154s | Loss=1.1740
[Profile] Avg ms/step | Load: 16.087 (Prep: 3.325, Struc: 0.292, Fetch: 12.470) | Fwd: 8.426 | Bwd: 9.474 | Opt: 0.570 | GPU_Tot: 31.232
[Throughput] Samples: 114068.50 samples/s (111819.50) | Edges: 12212849.93 edges/s (11983730.83)
[Step=0260] Wall=30.5168s | Loss=1.1592
[Profile] Avg ms/step | Load: 16.126 (Prep: 3.321, Struc: 0.292, Fetch: 12.513) | Fwd: 8.423 | Bwd: 9.471 | Opt: 0.570 | GPU_Tot: 31.268
[Throughput] Samples: 113911.79 samples/s (112006.23) | Edges: 12195461.59 edges/s (11992188.92)
[Step=0280] Wall=31.1974s | Loss=1.1448
[Profile] Avg ms/step | Load: 16.082 (Prep: 3.335, Struc: 0.292, Fetch: 12.455) | Fwd: 8.420 | Bwd: 9.468 | Opt: 0.569 | GPU_Tot: 31.205
[Throughput] Samples: 114032.20 samples/s (114142.47) | Edges: 12208776.26 edges/s (12223957.87)
[Step=0300] Wall=31.8918s | Loss=1.1342
[Profile] Avg ms/step | Load: 16.090 (Prep: 3.414, Struc: 0.291, Fetch: 12.385) | Fwd: 8.418 | Bwd: 9.467 | Opt: 0.569 | GPU_Tot: 31.131
[Throughput] Samples: 113979.95 samples/s (113622.69) | Edges: 12204117.00 edges/s (12174388.71)
[Step=0320] Wall=32.5430s | Loss=1.1233
[Profile] Avg ms/step | Load: 15.929 (Prep: 3.232, Struc: 0.292, Fetch: 12.405) | Fwd: 8.431 | Bwd: 9.481 | Opt: 0.569 | GPU_Tot: 31.178
[Throughput] Samples: 114699.31 samples/s (120929.06) | Edges: 12275063.98 edges/s (12891683.32)
[Step=0340] Wall=33.2546s | Loss=1.1181
[Profile] Avg ms/step | Load: 15.998 (Prep: 3.278, Struc: 0.292, Fetch: 12.428) | Fwd: 8.430 | Bwd: 9.479 | Opt: 0.569 | GPU_Tot: 31.197
[Throughput] Samples: 114438.63 samples/s (114683.25) | Edges: 12247967.33 edges/s (12261009.30)
[Step=0360] Wall=33.9845s | Loss=1.1110
[Profile] Avg ms/step | Load: 16.110 (Prep: 3.367, Struc: 0.292, Fetch: 12.452) | Fwd: 8.428 | Bwd: 9.476 | Opt: 0.569 | GPU_Tot: 31.217
[Throughput] Samples: 114037.83 samples/s (110535.75) | Edges: 12206124.66 edges/s (11835521.62)
[Step=0380] Wall=34.7156s | Loss=1.0892
[Profile] Avg ms/step | Load: 16.214 (Prep: 3.441, Struc: 0.292, Fetch: 12.481) | Fwd: 8.427 | Bwd: 9.475 | Opt: 0.569 | GPU_Tot: 31.243
[Throughput] Samples: 113671.05 samples/s (108762.25) | Edges: 12167912.96 edges/s (11654207.21)
[Step=0400] Wall=35.4317s | Loss=1.0813
[Profile] Avg ms/step | Load: 16.269 (Prep: 3.484, Struc: 0.292, Fetch: 12.493) | Fwd: 8.426 | Bwd: 9.473 | Opt: 0.569 | GPU_Tot: 31.253
[Throughput] Samples: 113468.51 samples/s (109401.58) | Edges: 12146739.40 edges/s (11721370.82)
[Step=0420] Wall=36.1388s | Loss=1.0817
[Profile] Avg ms/step | Load: 16.296 (Prep: 3.525, Struc: 0.292, Fetch: 12.479) | Fwd: 8.425 | Bwd: 9.472 | Opt: 0.569 | GPU_Tot: 31.237
[Throughput] Samples: 113357.75 samples/s (110498.26) | Edges: 12136103.87 edges/s (11847582.21)
[Step=0440] Wall=36.8395s | Loss=1.0742
[Profile] Avg ms/step | Load: 16.305 (Prep: 3.580, Struc: 0.292, Fetch: 12.434) | Fwd: 8.424 | Bwd: 9.471 | Opt: 0.569 | GPU_Tot: 31.190
[Throughput] Samples: 113306.49 samples/s (111555.57) | Edges: 12131908.63 edges/s (11966816.97)
[Step=0460] Wall=37.4550s | Loss=1.0650
[Profile] Avg ms/step | Load: 16.127 (Prep: 3.446, Struc: 0.291, Fetch: 12.389) | Fwd: 8.423 | Bwd: 9.470 | Opt: 0.568 | GPU_Tot: 31.142
[Throughput] Samples: 113877.20 samples/s (121291.41) | Edges: 12193848.36 edges/s (13008491.30)
[Step=0480] Wall=38.2153s | Loss=1.0591
[Profile] Avg ms/step | Load: 16.249 (Prep: 3.512, Struc: 0.292, Fetch: 12.446) | Fwd: 8.432 | Bwd: 9.479 | Opt: 0.569 | GPU_Tot: 31.217
[Throughput] Samples: 113592.48 samples/s (113164.19) | Edges: 12159264.87 edges/s (12072873.53)
[Step=0500] Wall=38.9362s | Loss=1.0450
[Profile] Avg ms/step | Load: 16.300 (Prep: 3.552, Struc: 0.292, Fetch: 12.456) | Fwd: 8.431 | Bwd: 9.478 | Opt: 0.569 | GPU_Tot: 31.226
[Throughput] Samples: 113403.46 samples/s (110731.89) | Edges: 12140193.05 edges/s (11853366.32)
------------------------------------------------------------
Training Completed. Total Steps: 500 (Active: 490)
Avg Breakdown (ms): Load=16.300 [Prep:3.552, Struc:0.292, Fetch:12.456], Fwd=8.431, Bwd=9.478, Opt=0.569
------------------------------------------------------------
Checkpoint saved: /work/1/AC2/watanuki/gnn-modelzoo-v2.6/src/cerebras/modelzoo/models/gnn/docs/artifacts/runtime/model_dirs/ogbn_arxiv_graphsage_pyg_throughput_nocache/last.pt
2026-06-19 15:57:17 [INFO] Model execution finished.
2026-06-19 15:57:17 [INFO] Model execution process completed successfully.
2026-06-19 15:57:17 [INFO] run_pyg.sh finished successfully.
