[pbs] PYG_BENCHMARK=graphsage_ogbn_products
[pbs] PYG_RUN_PROFILE=throughput_cache
[pbs] PYG_NO_COMPILE=0
[pbs] CONFIG_PATH=src/cerebras/modelzoo/models/gnn/configs/params_graphsage_ogbn_products_pyg_throughput_cache.yaml
[pbs] PBS_JOBID=0:843862.nqsv
[pbs] PBS_O_WORKDIR=/work/1/AC2/watanuki/gnn-modelzoo-v2.6
[pbs] hostname=bnode045
2026-06-19 16:09:09 [INFO] Loading CUDA module: cuda
2026-06-19 16:09:10 [INFO] CUDA module loaded: cuda
2026-06-19 16:09:10 [INFO] CUDA toolkit root: /system/apps/ubuntu/22.04-202604/cuda/13.0.2
2026-06-19 16:09:10 [INFO] nvcc: Build cuda_13.0.r13.0/compiler.36424714_0
Done. Logs saved under: /work/1/AC2/watanuki/gnn-modelzoo-v2.6/benchmark_scripts/hwinfo/graphsage_ogbn_products_throughput_cache_0:843862.nqsv
Combined: /work/1/AC2/watanuki/gnn-modelzoo-v2.6/benchmark_scripts/hwinfo/graphsage_ogbn_products_throughput_cache_0:843862.nqsv/all_bnode045_20260619_160910.log
Summary : /work/1/AC2/watanuki/gnn-modelzoo-v2.6/benchmark_scripts/hwinfo/graphsage_ogbn_products_throughput_cache_0:843862.nqsv/summary_bnode045_20260619_160910.txt
2026-06-19 16:09:10 [INFO] Starting PyG GNN run
2026-06-19 16:09:10 [INFO] Checking for conflicting environment modules
2026-06-19 16:09:10 [INFO] Module 'intelpython/2022.3.1' is loaded. Attempting to unload...
2026-06-19 16:09:10 [INFO] 'intelpython/2022.3.1' unloaded successfully.
2026-06-19 16:09:10 [INFO] Loading CUDA toolkit module for production GPU run
2026-06-19 16:09:10 [INFO] Loading CUDA module: cuda
2026-06-19 16:09:10 [INFO] CUDA module loaded: cuda
2026-06-19 16:09:10 [INFO] CUDA toolkit root: /system/apps/ubuntu/22.04-202604/cuda/13.0.2
2026-06-19 16:09:10 [INFO] nvcc: Build cuda_13.0.r13.0/compiler.36424714_0
2026-06-19 16:09:10 [INFO] Run metadata: script=run_pyg.sh
2026-06-19 16:09:10 [INFO] Run metadata: python_script=src/cerebras/modelzoo/models/gnn/pyg_graphsage.py
2026-06-19 16:09:10 [INFO] Run metadata: project_root=/work/1/AC2/watanuki/gnn-modelzoo-v2.6
2026-06-19 16:09:10 [INFO] Run metadata: config=src/cerebras/modelzoo/models/gnn/configs/params_graphsage_ogbn_products_pyg_throughput_cache.yaml
2026-06-19 16:09:10 [INFO] Run metadata: no_compile=0
2026-06-19 16:09:10 [INFO] Run metadata: hostname=bnode045
2026-06-19 16:09:10 [INFO] Run metadata: CUDA_HOME=/system/apps/ubuntu/22.04-202604/cuda/13.0.2
2026-06-19 16:09:10 [INFO] Run metadata: CUDA_TOOLKIT_ROOT_DIR=/system/apps/ubuntu/22.04-202604/cuda/13.0.2
2026-06-19 16:09:10 [INFO] Run metadata: PYTHONPATH=/work/1/AC2/watanuki/gnn-modelzoo-v2.6/src
2026-06-19 16:09:10 [INFO] Run metadata: git_commit=b604f2e571da871ea544d1ae87b5d6c8d6d9e327
2026-06-19 16:09:10 [INFO] Run metadata: git_status_short_begin
?? benchmark_scripts/hwinfo/graphsage_ogbn_arxiv_accuracy_nocache_0:843860.nqsv/
?? benchmark_scripts/hwinfo/graphsage_ogbn_arxiv_throughput_cache_0:843859.nqsv/
?? benchmark_scripts/hwinfo/graphsage_ogbn_arxiv_throughput_nocache_0:843858.nqsv/
?? benchmark_scripts/hwinfo/graphsage_ogbn_products_throughput_cache_0:843862.nqsv/
?? benchmark_scripts/hwinfo/graphsage_ogbn_products_throughput_nocache_0:843861.nqsv/
?? logs/
?? run_pyg_nqsv.pbs.e843859
?? run_pyg_nqsv.pbs.e843860
?? run_pyg_nqsv.pbs.e843861
?? run_pyg_nqsv.pbs.o843859
?? run_pyg_nqsv.pbs.o843860
?? run_pyg_nqsv.pbs.o843861
?? src/gnn_modelzoo_v2_6.egg-info/
2026-06-19 16:09:10 [INFO] Run metadata: git_status_short_end
2026-06-19 16:09:10 [INFO] Run metadata: nvidia-smi_begin
Fri Jun 19 16:09:10 2026       
+-----------------------------------------------------------------------------------------+
| NVIDIA-SMI 580.95.05              Driver Version: 580.95.05      CUDA Version: 13.0     |
+-----------------------------------------+------------------------+----------------------+
| GPU  Name                 Persistence-M | Bus-Id          Disp.A | Volatile Uncorr. ECC |
| Fan  Temp   Perf          Pwr:Usage/Cap |           Memory-Usage | GPU-Util  Compute M. |
|                                         |                        |               MIG M. |
|=========================================+========================+======================|
|   0  NVIDIA H100 PCIe               On  |   00000000:16:00.0 Off |                    0 |
| N/A   44C    P0             49W /  350W |       0MiB /  81559MiB |      0%      Default |
|                                         |                        |             Disabled |
+-----------------------------------------+------------------------+----------------------+

+-----------------------------------------------------------------------------------------+
| Processes:                                                                              |
|  GPU   GI   CI              PID   Type   Process name                        GPU Memory |
|        ID   ID                                                               Usage      |
|=========================================================================================|
|  No running processes found                                                             |
+-----------------------------------------------------------------------------------------+
2026-06-19 16:09:11 [INFO] Run metadata: nvidia-smi_end
2026-06-19 16:09:11 [INFO] Run metadata: nvcc_begin
nvcc: NVIDIA (R) Cuda compiler driver
Copyright (c) 2005-2025 NVIDIA Corporation
Built on Wed_Aug_20_01:58:59_PM_PDT_2025
Cuda compilation tools, release 13.0, V13.0.88
Build cuda_13.0.r13.0/compiler.36424714_0
2026-06-19 16:09:11 [INFO] Run metadata: nvcc_end
2026-06-19 16:09:11 [INFO] Run metadata: python_helper_begin
python_environment_begin
python=3.11.12
torch=2.4.0+cu121
torch_cuda=12.1
cuda_available=True
cuda_device_count=1
cuda_device_0=NVIDIA H100 PCIe
torch_geometric=2.7.0
pyg_lib_available=True
NO_COMPILE=
requested_no_compile=False
python_environment_end
effective_config_begin
{'model': {'name': 'gnn',
           'task': {'compute_eval_metrics': False,
                    'disable_log_softmax': False,
                    'to_float16': True},
           'architecture': {'type': 'graphsage',
                            'hidden_dim': 1024,
                            'num_layers': 3,
                            'dropout': 0.5,
                            'aggregator': 'mean',
                            'n_feat': 100,
                            'n_class': 47}},
 'precision': {'enabled': True,
               'fp16_type': 'float16',
               'loss_scaling_factor': 'dynamic'},
 'loop': {'max_steps': 1000, 'steps_per_epoch': 40, 'eval_frequency': 40},
 'logging': {'log_steps': 40},
 'train_dataloader': {'data_processor': 'GNNDataProcessor',
                      'sampling_mode': 'neighbor',
                      'fanouts': [15, 10, 5],
                      'batch_size': 4096,
                      'drop_last_batch': False,
                      'num_workers': 8,
                      'prefetch_factor': 2,
                      'persistent_workers': True,
                      'pin_memory': True,
                      'sampler_seed': 42,
                      'shuffle': True,
                      'caching_percent': 1.0,
                      'split': 'train',
                      'dataset_profiles': {'ogbn_products': {'dataset_name': 'ogbn-products',
                                                             'data_dir': '$MODELZOO_ROOT/models/gnn/data/datasets',
                                                             'pad_node_id': 0}},
                      'dataset': 'ogbn_products'},
 'val_dataloader': {'data_processor': 'GNNDataProcessor',
                    'sampling_mode': 'neighbor',
                    'fanouts': [15, 10, 5],
                    'batch_size': 4096,
                    'drop_last_batch': False,
                    'num_workers': 8,
                    'prefetch_factor': 2,
                    'persistent_workers': True,
                    'pin_memory': True,
                    'sampler_seed': 42,
                    'shuffle': False,
                    'split': 'valid',
                    'dataset_profiles': {'ogbn_products': {'dataset_name': 'ogbn-products',
                                                           'data_dir': '$MODELZOO_ROOT/models/gnn/data/datasets',
                                                           'pad_node_id': 0}},
                    'dataset': 'ogbn_products'}}
effective_config_end
2026-06-19 16:09:17 [INFO] Run metadata: python_helper_end
2026-06-19 16:09:17 [INFO] Executing model script in: /work/1/AC2/watanuki/gnn-modelzoo-v2.6
2026-06-19 16:09:17 [INFO] Executing: uv run src/cerebras/modelzoo/models/gnn/pyg_graphsage.py --config src/cerebras/modelzoo/models/gnn/configs/params_graphsage_ogbn_products_pyg_throughput_cache.yaml
[ddp] Single-process mode: device=cuda
[Info] Running in Single-Process mode (CPU or Single GPU).
[Info] Device: cuda
[GraphCache] Caching 2449029 / 2449029 nodes (100.0%) on cuda...
[GraphCache] Moving features to GPU...
[GraphCache] Layout complete. Cached features size: torch.Size([2449029, 100])
[Step=0040] Wall=26.0216s | Loss=4.4241
[Profile] Avg ms/step | Load: 3.407 (Prep: 0.677, Struc: 1.281, Fetch: 1.448) | Fwd: 53.906 | Bwd: 65.824 | Opt: 0.666 | GPU_Tot: 123.126
[Throughput] Samples: 33055.04 samples/s (33054.96) | Edges: 17999984.50 edges/s (17999978.61)
[Step=0080] Wall=31.4040s | Loss=1.2772
[Profile] Avg ms/step | Load: 10.075 (Prep: 7.320, Struc: 1.319, Fetch: 1.436) | Fwd: 53.963 | Bwd: 65.092 | Opt: 0.758 | GPU_Tot: 122.567
[Throughput] Samples: 31058.93 samples/s (31030.17) | Edges: 16924205.66 edges/s (16908710.88)
[Step=0120] Wall=36.8039s | Loss=0.8228
[Profile] Avg ms/step | Load: 12.712 (Prep: 9.933, Struc: 1.349, Fetch: 1.429) | Fwd: 53.513 | Bwd: 64.767 | Opt: 0.715 | GPU_Tot: 121.775
[Throughput] Samples: 30509.52 samples/s (30162.28) | Edges: 16615976.41 edges/s (16421419.44)
[Step=0160] Wall=42.2367s | Loss=0.7503
[Profile] Avg ms/step | Load: 14.092 (Prep: 11.307, Struc: 1.358, Fetch: 1.427) | Fwd: 53.323 | Bwd: 64.667 | Opt: 0.694 | GPU_Tot: 121.469
[Throughput] Samples: 30208.60 samples/s (29708.18) | Edges: 16459983.10 edges/s (16194748.77)
[Step=0200] Wall=47.6076s | Loss=0.6918
[Profile] Avg ms/step | Load: 14.522 (Prep: 11.728, Struc: 1.367, Fetch: 1.426) | Fwd: 53.224 | Bwd: 64.641 | Opt: 0.682 | GPU_Tot: 121.341
[Throughput] Samples: 30109.86 samples/s (29729.33) | Edges: 16407645.77 edges/s (16205950.77)
[Step=0240] Wall=52.5848s | Loss=0.6464
[Profile] Avg ms/step | Load: 12.603 (Prep: 9.804, Struc: 1.368, Fetch: 1.431) | Fwd: 53.374 | Bwd: 64.892 | Opt: 0.679 | GPU_Tot: 121.743
[Throughput] Samples: 30571.52 samples/s (31642.85) | Edges: 16659034.39 edges/s (17244627.30)
[Step=0280] Wall=58.0081s | Loss=0.5885
[Profile] Avg ms/step | Load: 13.355 (Prep: 10.568, Struc: 1.358, Fetch: 1.429) | Fwd: 53.272 | Bwd: 64.821 | Opt: 0.681 | GPU_Tot: 121.561
[Throughput] Samples: 30402.13 samples/s (30330.98) | Edges: 16565507.71 edges/s (16523836.47)
[Step=0320] Wall=63.4277s | Loss=0.5867
[Profile] Avg ms/step | Load: 13.878 (Prep: 11.087, Struc: 1.363, Fetch: 1.428) | Fwd: 53.206 | Bwd: 64.790 | Opt: 0.676 | GPU_Tot: 121.462
[Throughput] Samples: 30280.15 samples/s (29818.33) | Edges: 16499018.48 edges/s (16246129.96)
[Step=0360] Wall=68.8094s | Loss=0.5280
[Profile] Avg ms/step | Load: 14.183 (Prep: 11.390, Struc: 1.366, Fetch: 1.427) | Fwd: 53.153 | Bwd: 64.758 | Opt: 0.671 | GPU_Tot: 121.375
[Throughput] Samples: 30211.15 samples/s (29737.64) | Edges: 16460552.16 edges/s (16198424.15)
[Step=0400] Wall=74.2132s | Loss=0.5325
[Profile] Avg ms/step | Load: 14.445 (Prep: 11.649, Struc: 1.370, Fetch: 1.426) | Fwd: 53.123 | Bwd: 64.756 | Opt: 0.669 | GPU_Tot: 121.344
[Throughput] Samples: 30143.67 samples/s (29632.80) | Edges: 16424946.43 edges/s (16150481.78)
[Step=0440] Wall=79.2089s | Loss=0.5250
[Profile] Avg ms/step | Load: 13.434 (Prep: 10.630, Struc: 1.375, Fetch: 1.429) | Fwd: 53.224 | Bwd: 64.905 | Opt: 0.666 | GPU_Tot: 121.600
[Throughput] Samples: 30376.49 samples/s (31530.55) | Edges: 16551520.54 edges/s (17180212.28)
[Step=0480] Wall=84.6144s | Loss=0.5705
[Profile] Avg ms/step | Load: 13.714 (Prep: 10.918, Struc: 1.368, Fetch: 1.429) | Fwd: 53.196 | Bwd: 64.889 | Opt: 0.668 | GPU_Tot: 121.550
[Throughput] Samples: 30305.09 samples/s (30344.26) | Edges: 16512426.21 edges/s (16532608.25)
[Step=0520] Wall=90.0062s | Loss=0.5083
[Profile] Avg ms/step | Load: 13.902 (Prep: 11.105, Struc: 1.368, Fetch: 1.429) | Fwd: 53.180 | Bwd: 64.891 | Opt: 0.669 | GPU_Tot: 121.536
[Throughput] Samples: 30251.23 samples/s (29915.02) | Edges: 16483399.27 edges/s (16301811.26)
[Step=0560] Wall=95.4283s | Loss=0.5805
[Profile] Avg ms/step | Load: 14.119 (Prep: 11.320, Struc: 1.371, Fetch: 1.428) | Fwd: 53.164 | Bwd: 64.895 | Opt: 0.667 | GPU_Tot: 121.525
[Throughput] Samples: 30192.76 samples/s (29643.59) | Edges: 16450928.65 edges/s (16148021.16)
[Step=0600] Wall=100.9016s | Loss=0.5313
[Profile] Avg ms/step | Load: 14.372 (Prep: 11.570, Struc: 1.374, Fetch: 1.429) | Fwd: 53.159 | Bwd: 64.911 | Opt: 0.666 | GPU_Tot: 121.538
[Throughput] Samples: 30122.77 samples/s (29370.06) | Edges: 16413103.89 edges/s (16003859.43)
[Step=0640] Wall=106.3448s | Loss=0.5227
[Profile] Avg ms/step | Load: 14.552 (Prep: 11.747, Struc: 1.376, Fetch: 1.429) | Fwd: 53.151 | Bwd: 64.922 | Opt: 0.665 | GPU_Tot: 121.543
[Throughput] Samples: 30072.63 samples/s (29357.21) | Edges: 16385561.67 edges/s (15994263.27)
[Step=0680] Wall=111.3661s | Loss=0.5176
[Profile] Avg ms/step | Load: 13.892 (Prep: 11.086, Struc: 1.376, Fetch: 1.430) | Fwd: 53.230 | Bwd: 65.033 | Opt: 0.665 | GPU_Tot: 121.735
[Throughput] Samples: 30216.75 samples/s (31320.21) | Edges: 16464608.10 edges/s (17070257.69)
[Step=0720] Wall=116.8298s | Loss=0.5282
[Profile] Avg ms/step | Load: 14.106 (Prep: 11.303, Struc: 1.372, Fetch: 1.430) | Fwd: 53.220 | Bwd: 65.033 | Opt: 0.667 | GPU_Tot: 121.723
[Throughput] Samples: 30160.20 samples/s (30071.12) | Edges: 16433705.35 edges/s (16386088.48)
[Step=0760] Wall=122.2154s | Loss=0.6193
[Profile] Avg ms/step | Load: 14.182 (Prep: 11.377, Struc: 1.374, Fetch: 1.431) | Fwd: 53.216 | Bwd: 65.043 | Opt: 0.666 | GPU_Tot: 121.730
[Throughput] Samples: 30133.38 samples/s (29826.05) | Edges: 16419519.54 edges/s (16256756.57)
[Step=0800] Wall=127.6444s | Loss=0.5388
[Profile] Avg ms/step | Load: 14.310 (Prep: 11.503, Struc: 1.376, Fetch: 1.431) | Fwd: 53.209 | Bwd: 65.051 | Opt: 0.665 | GPU_Tot: 121.731
[Throughput] Samples: 30096.90 samples/s (29585.76) | Edges: 16399668.08 edges/s (16123304.06)
[Step=0840] Wall=133.0300s | Loss=0.5072
[Profile] Avg ms/step | Load: 14.367 (Prep: 11.558, Struc: 1.378, Fetch: 1.431) | Fwd: 53.204 | Bwd: 65.062 | Opt: 0.664 | GPU_Tot: 121.738
[Throughput] Samples: 30075.78 samples/s (29631.88) | Edges: 16388121.59 edges/s (16146687.73)
[Step=0880] Wall=138.0571s | Loss=0.5010
[Profile] Avg ms/step | Load: 13.868 (Prep: 11.056, Struc: 1.380, Fetch: 1.432) | Fwd: 53.262 | Bwd: 65.148 | Opt: 0.663 | GPU_Tot: 121.886
[Throughput] Samples: 30185.02 samples/s (31407.44) | Edges: 16447722.51 edges/s (17114957.54)
[Step=0920] Wall=143.4612s | Loss=0.5516
[Profile] Avg ms/step | Load: 13.951 (Prep: 11.143, Struc: 1.377, Fetch: 1.432) | Fwd: 53.258 | Bwd: 65.158 | Opt: 0.665 | GPU_Tot: 121.889
[Throughput] Samples: 30157.20 samples/s (30299.72) | Edges: 16432732.80 edges/s (16512978.53)
[Step=0960] Wall=148.8259s | Loss=0.4781
[Profile] Avg ms/step | Load: 13.999 (Prep: 11.190, Struc: 1.376, Fetch: 1.432) | Fwd: 53.250 | Bwd: 65.160 | Opt: 0.665 | GPU_Tot: 121.883
[Throughput] Samples: 30141.14 samples/s (29986.96) | Edges: 16423060.41 edges/s (16327961.41)
[Step=1000] Wall=154.2474s | Loss=0.4846
[Profile] Avg ms/step | Load: 14.089 (Prep: 11.280, Struc: 1.378, Fetch: 1.432) | Fwd: 53.247 | Bwd: 65.168 | Opt: 0.664 | GPU_Tot: 121.888
[Throughput] Samples: 30113.41 samples/s (29674.47) | Edges: 16408413.73 edges/s (16171147.15)
------------------------------------------------------------
Training Completed. Total Steps: 1000 (Active: 990)
Avg Breakdown (ms): Load=14.089 [Prep:11.280, Struc:1.378, Fetch:1.432], Fwd=53.247, Bwd=65.168, Opt=0.664
------------------------------------------------------------
Checkpoint saved: /work/1/AC2/watanuki/gnn-modelzoo-v2.6/src/cerebras/modelzoo/models/gnn/docs/artifacts/runtime/model_dirs/ogbn_products_graphsage_pyg_throughput_cache/last.pt
2026-06-19 16:12:51 [INFO] Model execution finished.
2026-06-19 16:12:51 [INFO] Model execution process completed successfully.
2026-06-19 16:12:51 [INFO] run_pyg.sh finished successfully.
