[pbs] PYG_BENCHMARK=graphsage_ogbn_products
[pbs] PYG_RUN_PROFILE=throughput_nocache
[pbs] PYG_NO_COMPILE=0
[pbs] CONFIG_PATH=src/cerebras/modelzoo/models/gnn/configs/params_graphsage_ogbn_products_pyg_throughput_nocache.yaml
[pbs] PBS_JOBID=0:843861.nqsv
[pbs] PBS_O_WORKDIR=/work/1/AC2/watanuki/gnn-modelzoo-v2.6
[pbs] hostname=bnode045
2026-06-19 16:03:10 [INFO] Loading CUDA module: cuda
2026-06-19 16:03:10 [INFO] CUDA module loaded: cuda
2026-06-19 16:03:10 [INFO] CUDA toolkit root: /system/apps/ubuntu/22.04-202604/cuda/13.0.2
2026-06-19 16:03:10 [INFO] nvcc: Build cuda_13.0.r13.0/compiler.36424714_0
Done. Logs saved under: /work/1/AC2/watanuki/gnn-modelzoo-v2.6/benchmark_scripts/hwinfo/graphsage_ogbn_products_throughput_nocache_0:843861.nqsv
Combined: /work/1/AC2/watanuki/gnn-modelzoo-v2.6/benchmark_scripts/hwinfo/graphsage_ogbn_products_throughput_nocache_0:843861.nqsv/all_bnode045_20260619_160310.log
Summary : /work/1/AC2/watanuki/gnn-modelzoo-v2.6/benchmark_scripts/hwinfo/graphsage_ogbn_products_throughput_nocache_0:843861.nqsv/summary_bnode045_20260619_160310.txt
2026-06-19 16:03:10 [INFO] Starting PyG GNN run
2026-06-19 16:03:10 [INFO] Checking for conflicting environment modules
2026-06-19 16:03:10 [INFO] Module 'intelpython/2022.3.1' is loaded. Attempting to unload...
2026-06-19 16:03:10 [INFO] 'intelpython/2022.3.1' unloaded successfully.
2026-06-19 16:03:10 [INFO] Loading CUDA toolkit module for production GPU run
2026-06-19 16:03:10 [INFO] Loading CUDA module: cuda
2026-06-19 16:03:10 [INFO] CUDA module loaded: cuda
2026-06-19 16:03:10 [INFO] CUDA toolkit root: /system/apps/ubuntu/22.04-202604/cuda/13.0.2
2026-06-19 16:03:10 [INFO] nvcc: Build cuda_13.0.r13.0/compiler.36424714_0
2026-06-19 16:03:10 [INFO] Run metadata: script=run_pyg.sh
2026-06-19 16:03:10 [INFO] Run metadata: python_script=src/cerebras/modelzoo/models/gnn/pyg_graphsage.py
2026-06-19 16:03:10 [INFO] Run metadata: project_root=/work/1/AC2/watanuki/gnn-modelzoo-v2.6
2026-06-19 16:03:10 [INFO] Run metadata: config=src/cerebras/modelzoo/models/gnn/configs/params_graphsage_ogbn_products_pyg_throughput_nocache.yaml
2026-06-19 16:03:10 [INFO] Run metadata: no_compile=0
2026-06-19 16:03:10 [INFO] Run metadata: hostname=bnode045
2026-06-19 16:03:10 [INFO] Run metadata: CUDA_HOME=/system/apps/ubuntu/22.04-202604/cuda/13.0.2
2026-06-19 16:03:10 [INFO] Run metadata: CUDA_TOOLKIT_ROOT_DIR=/system/apps/ubuntu/22.04-202604/cuda/13.0.2
2026-06-19 16:03:10 [INFO] Run metadata: PYTHONPATH=/work/1/AC2/watanuki/gnn-modelzoo-v2.6/src
2026-06-19 16:03:10 [INFO] Run metadata: git_commit=b604f2e571da871ea544d1ae87b5d6c8d6d9e327
2026-06-19 16:03:10 [INFO] Run metadata: git_status_short_begin
?? benchmark_scripts/hwinfo/graphsage_ogbn_arxiv_accuracy_nocache_0:843860.nqsv/
?? benchmark_scripts/hwinfo/graphsage_ogbn_arxiv_throughput_cache_0:843859.nqsv/
?? benchmark_scripts/hwinfo/graphsage_ogbn_arxiv_throughput_nocache_0:843858.nqsv/
?? benchmark_scripts/hwinfo/graphsage_ogbn_products_throughput_nocache_0:843861.nqsv/
?? logs/
?? run_pyg_nqsv.pbs.e843859
?? run_pyg_nqsv.pbs.e843860
?? run_pyg_nqsv.pbs.o843859
?? run_pyg_nqsv.pbs.o843860
?? src/gnn_modelzoo_v2_6.egg-info/
2026-06-19 16:03:10 [INFO] Run metadata: git_status_short_end
2026-06-19 16:03:10 [INFO] Run metadata: nvidia-smi_begin
Fri Jun 19 16:03:10 2026       
+-----------------------------------------------------------------------------------------+
| NVIDIA-SMI 580.95.05              Driver Version: 580.95.05      CUDA Version: 13.0     |
+-----------------------------------------+------------------------+----------------------+
| GPU  Name                 Persistence-M | Bus-Id          Disp.A | Volatile Uncorr. ECC |
| Fan  Temp   Perf          Pwr:Usage/Cap |           Memory-Usage | GPU-Util  Compute M. |
|                                         |                        |               MIG M. |
|=========================================+========================+======================|
|   0  NVIDIA H100 PCIe               On  |   00000000:16:00.0 Off |                    0 |
| N/A   34C    P0             47W /  350W |       0MiB /  81559MiB |      0%      Default |
|                                         |                        |             Disabled |
+-----------------------------------------+------------------------+----------------------+

+-----------------------------------------------------------------------------------------+
| Processes:                                                                              |
|  GPU   GI   CI              PID   Type   Process name                        GPU Memory |
|        ID   ID                                                               Usage      |
|=========================================================================================|
|  No running processes found                                                             |
+-----------------------------------------------------------------------------------------+
2026-06-19 16:03:10 [INFO] Run metadata: nvidia-smi_end
2026-06-19 16:03:10 [INFO] Run metadata: nvcc_begin
nvcc: NVIDIA (R) Cuda compiler driver
Copyright (c) 2005-2025 NVIDIA Corporation
Built on Wed_Aug_20_01:58:59_PM_PDT_2025
Cuda compilation tools, release 13.0, V13.0.88
Build cuda_13.0.r13.0/compiler.36424714_0
2026-06-19 16:03:10 [INFO] Run metadata: nvcc_end
2026-06-19 16:03:10 [INFO] Run metadata: python_helper_begin
python_environment_begin
python=3.11.12
torch=2.4.0+cu121
torch_cuda=12.1
cuda_available=True
cuda_device_count=1
cuda_device_0=NVIDIA H100 PCIe
torch_geometric=2.7.0
pyg_lib_available=True
NO_COMPILE=
requested_no_compile=False
python_environment_end
effective_config_begin
{'model': {'name': 'gnn',
           'task': {'compute_eval_metrics': False,
                    'disable_log_softmax': False,
                    'to_float16': True},
           'architecture': {'type': 'graphsage',
                            'hidden_dim': 1024,
                            'num_layers': 3,
                            'dropout': 0.5,
                            'aggregator': 'mean',
                            'n_feat': 100,
                            'n_class': 47}},
 'precision': {'enabled': True,
               'fp16_type': 'float16',
               'loss_scaling_factor': 'dynamic'},
 'loop': {'max_steps': 1000, 'steps_per_epoch': 40, 'eval_frequency': 40},
 'logging': {'log_steps': 40},
 'train_dataloader': {'data_processor': 'GNNDataProcessor',
                      'sampling_mode': 'neighbor',
                      'fanouts': [15, 10, 5],
                      'batch_size': 4096,
                      'drop_last_batch': False,
                      'num_workers': 8,
                      'prefetch_factor': 2,
                      'persistent_workers': True,
                      'pin_memory': True,
                      'sampler_seed': 42,
                      'shuffle': True,
                      'caching_percent': 0.0,
                      'split': 'train',
                      'dataset_profiles': {'ogbn_products': {'dataset_name': 'ogbn-products',
                                                             'data_dir': '$MODELZOO_ROOT/models/gnn/data/datasets',
                                                             'pad_node_id': 0}},
                      'dataset': 'ogbn_products'},
 'val_dataloader': {'data_processor': 'GNNDataProcessor',
                    'sampling_mode': 'neighbor',
                    'fanouts': [15, 10, 5],
                    'batch_size': 4096,
                    'drop_last_batch': False,
                    'num_workers': 8,
                    'prefetch_factor': 2,
                    'persistent_workers': True,
                    'pin_memory': True,
                    'sampler_seed': 42,
                    'shuffle': False,
                    'split': 'valid',
                    'dataset_profiles': {'ogbn_products': {'dataset_name': 'ogbn-products',
                                                           'data_dir': '$MODELZOO_ROOT/models/gnn/data/datasets',
                                                           'pad_node_id': 0}},
                    'dataset': 'ogbn_products'}}
effective_config_end
2026-06-19 16:03:16 [INFO] Run metadata: python_helper_end
2026-06-19 16:03:16 [INFO] Executing model script in: /work/1/AC2/watanuki/gnn-modelzoo-v2.6
2026-06-19 16:03:16 [INFO] Executing: uv run src/cerebras/modelzoo/models/gnn/pyg_graphsage.py --config src/cerebras/modelzoo/models/gnn/configs/params_graphsage_ogbn_products_pyg_throughput_nocache.yaml
[ddp] Single-process mode: device=cuda
[Info] Running in Single-Process mode (CPU or Single GPU).
[Info] Device: cuda
[GraphCache] Caching disabled (0 nodes).
[Step=0040] Wall=30.5425s | Loss=4.4263
[Profile] Avg ms/step | Load: 94.205 (Prep: 0.696, Struc: 1.278, Fetch: 92.231) | Fwd: 53.761 | Bwd: 65.572 | Opt: 0.685 | GPU_Tot: 213.527
[Throughput] Samples: 19109.59 samples/s (19109.53) | Edges: 10406050.26 edges/s (10406048.41)
[Step=0080] Wall=39.7427s | Loss=1.2906
[Profile] Avg ms/step | Load: 101.838 (Prep: 6.903, Struc: 1.290, Fetch: 93.645) | Fwd: 54.919 | Bwd: 65.621 | Opt: 0.793 | GPU_Tot: 216.268
[Throughput] Samples: 18082.14 samples/s (18062.24) | Edges: 9853073.19 edges/s (9842365.23)
[Step=0120] Wall=48.4891s | Loss=0.8141
[Profile] Avg ms/step | Load: 101.668 (Prep: 8.693, Struc: 1.274, Fetch: 91.701) | Fwd: 54.061 | Bwd: 65.007 | Opt: 0.753 | GPU_Tot: 212.795
[Throughput] Samples: 18147.63 samples/s (18183.70) | Edges: 9883494.35 edges/s (9899661.13)
[Step=0160] Wall=57.1981s | Loss=0.7438
[Profile] Avg ms/step | Load: 101.182 (Prep: 9.658, Struc: 1.268, Fetch: 90.256) | Fwd: 53.698 | Bwd: 64.842 | Opt: 0.731 | GPU_Tot: 210.796
[Throughput] Samples: 18199.11 samples/s (18279.40) | Edges: 9916288.92 edges/s (9964712.62)
[Step=0200] Wall=66.0608s | Loss=0.6957
[Profile] Avg ms/step | Load: 101.754 (Prep: 10.595, Struc: 1.270, Fetch: 89.888) | Fwd: 53.478 | Bwd: 64.709 | Opt: 0.721 | GPU_Tot: 210.067
[Throughput] Samples: 18162.34 samples/s (18126.81) | Edges: 9897132.45 edges/s (9881257.35)
[Step=0240] Wall=74.6932s | Loss=0.6509
[Profile] Avg ms/step | Load: 100.606 (Prep: 8.886, Struc: 1.272, Fetch: 90.448) | Fwd: 53.568 | Bwd: 64.910 | Opt: 0.714 | GPU_Tot: 210.913
[Throughput] Samples: 18301.84 samples/s (18638.54) | Edges: 9973039.18 edges/s (10157644.82)
[Step=0280] Wall=83.7330s | Loss=0.5805
[Profile] Avg ms/step | Load: 101.740 (Prep: 9.593, Struc: 1.278, Fetch: 90.870) | Fwd: 53.437 | Bwd: 64.810 | Opt: 0.712 | GPU_Tot: 211.106
[Throughput] Samples: 18206.34 samples/s (18058.62) | Edges: 9920266.83 edges/s (9838049.47)
[Step=0320] Wall=92.6585s | Loss=0.6148
[Profile] Avg ms/step | Load: 102.217 (Prep: 10.021, Struc: 1.275, Fetch: 90.921) | Fwd: 53.345 | Bwd: 64.728 | Opt: 0.709 | GPU_Tot: 210.978
[Throughput] Samples: 18166.21 samples/s (17962.34) | Edges: 9898386.36 edges/s (9786557.68)
[Step=0360] Wall=101.5148s | Loss=0.5482
[Profile] Avg ms/step | Load: 102.307 (Prep: 10.332, Struc: 1.273, Fetch: 90.702) | Fwd: 53.291 | Bwd: 64.729 | Opt: 0.704 | GPU_Tot: 210.700
[Throughput] Samples: 18151.55 samples/s (18007.81) | Edges: 9889880.18 edges/s (9809049.34)
[Step=0400] Wall=110.2939s | Loss=0.5412
[Profile] Avg ms/step | Load: 102.194 (Prep: 10.575, Struc: 1.271, Fetch: 90.348) | Fwd: 53.249 | Bwd: 64.715 | Opt: 0.702 | GPU_Tot: 210.286
[Throughput] Samples: 18156.17 samples/s (18121.22) | Edges: 9893092.38 edges/s (9876467.76)
[Step=0440] Wall=119.0555s | Loss=0.5303
[Profile] Avg ms/step | Load: 101.793 (Prep: 9.638, Struc: 1.275, Fetch: 90.880) | Fwd: 53.338 | Bwd: 64.849 | Opt: 0.699 | GPU_Tot: 211.042
[Throughput] Samples: 18206.33 samples/s (18468.36) | Edges: 9920253.10 edges/s (10063035.35)
[Step=0480] Wall=128.1337s | Loss=0.5765
[Profile] Avg ms/step | Load: 102.407 (Prep: 9.858, Struc: 1.273, Fetch: 91.275) | Fwd: 53.287 | Bwd: 64.810 | Opt: 0.700 | GPU_Tot: 211.346
[Throughput] Samples: 18153.17 samples/s (17945.62) | Edges: 9891171.33 edges/s (9777429.05)
[Step=0520] Wall=137.2545s | Loss=0.5213
[Profile] Avg ms/step | Load: 103.016 (Prep: 10.211, Struc: 1.272, Fetch: 91.534) | Fwd: 53.239 | Bwd: 64.775 | Opt: 0.699 | GPU_Tot: 211.518
[Throughput] Samples: 18101.73 samples/s (17687.35) | Edges: 9863337.31 edges/s (9638506.38)
[Step=0560] Wall=146.0757s | Loss=0.5642
[Profile] Avg ms/step | Load: 102.958 (Prep: 10.424, Struc: 1.270, Fetch: 91.264) | Fwd: 53.202 | Bwd: 64.776 | Opt: 0.697 | GPU_Tot: 211.209
[Throughput] Samples: 18102.31 samples/s (17940.79) | Edges: 9863288.48 edges/s (9773000.08)
[Step=0600] Wall=154.9560s | Loss=0.5263
[Profile] Avg ms/step | Load: 103.031 (Prep: 10.712, Struc: 1.269, Fetch: 91.050) | Fwd: 53.166 | Bwd: 64.757 | Opt: 0.696 | GPU_Tot: 210.938
[Throughput] Samples: 18094.66 samples/s (17970.01) | Edges: 9859301.75 edges/s (9791928.22)
[Step=0640] Wall=163.8182s | Loss=0.5369
[Profile] Avg ms/step | Load: 103.064 (Prep: 10.838, Struc: 1.269, Fetch: 90.957) | Fwd: 53.134 | Bwd: 64.742 | Opt: 0.696 | GPU_Tot: 210.799
[Throughput] Samples: 18090.30 samples/s (18003.62) | Edges: 9856796.08 edges/s (9808652.65)
[Step=0680] Wall=172.4376s | Loss=0.5491
[Profile] Avg ms/step | Load: 102.536 (Prep: 10.224, Struc: 1.270, Fetch: 91.043) | Fwd: 53.191 | Bwd: 64.840 | Opt: 0.695 | GPU_Tot: 211.038
[Throughput] Samples: 18143.65 samples/s (18606.38) | Edges: 9886172.27 edges/s (10140846.09)
[Step=0720] Wall=181.3681s | Loss=0.5306
[Profile] Avg ms/step | Load: 102.688 (Prep: 10.394, Struc: 1.269, Fetch: 91.025) | Fwd: 53.162 | Bwd: 64.823 | Opt: 0.696 | GPU_Tot: 210.974
[Throughput] Samples: 18129.14 samples/s (18175.51) | Edges: 9878216.09 edges/s (9903982.43)
[Step=0760] Wall=190.3171s | Loss=0.6247
[Profile] Avg ms/step | Load: 102.854 (Prep: 10.537, Struc: 1.269, Fetch: 91.047) | Fwd: 53.135 | Bwd: 64.803 | Opt: 0.696 | GPU_Tot: 210.951
[Throughput] Samples: 18114.18 samples/s (17980.96) | Edges: 9870320.75 edges/s (9800541.09)
[Step=0800] Wall=199.4210s | Loss=0.5544
[Profile] Avg ms/step | Load: 103.202 (Prep: 10.721, Struc: 1.268, Fetch: 91.213) | Fwd: 53.112 | Bwd: 64.783 | Opt: 0.694 | GPU_Tot: 211.070
[Throughput] Samples: 18084.76 samples/s (17720.98) | Edges: 9854305.39 edges/s (9657368.54)
[Step=0840] Wall=208.3467s | Loss=0.5368
[Profile] Avg ms/step | Load: 103.283 (Prep: 10.886, Struc: 1.267, Fetch: 91.130) | Fwd: 53.094 | Bwd: 64.781 | Opt: 0.693 | GPU_Tot: 210.964
[Throughput] Samples: 18075.70 samples/s (17827.06) | Edges: 9849346.96 edges/s (9714123.04)
[Step=0880] Wall=216.8519s | Loss=0.5256
[Profile] Avg ms/step | Load: 102.735 (Prep: 10.412, Struc: 1.268, Fetch: 91.055) | Fwd: 53.139 | Bwd: 64.855 | Opt: 0.692 | GPU_Tot: 211.009
[Throughput] Samples: 18128.11 samples/s (18688.88) | Edges: 9877951.50 edges/s (10184186.69)
[Step=0920] Wall=225.9468s | Loss=0.5509
[Profile] Avg ms/step | Load: 103.018 (Prep: 10.555, Struc: 1.268, Fetch: 91.195) | Fwd: 53.120 | Bwd: 64.846 | Opt: 0.693 | GPU_Tot: 211.122
[Throughput] Samples: 18102.74 samples/s (18014.53) | Edges: 9864226.84 edges/s (9817697.98)
[Step=0960] Wall=234.9750s | Loss=0.4915
[Profile] Avg ms/step | Load: 103.210 (Prep: 10.693, Struc: 1.268, Fetch: 91.250) | Fwd: 53.101 | Bwd: 64.839 | Opt: 0.693 | GPU_Tot: 211.149
[Throughput] Samples: 18085.27 samples/s (17822.61) | Edges: 9854153.23 edges/s (9704447.80)
[Step=1000] Wall=243.9610s | Loss=0.4815
[Profile] Avg ms/step | Load: 103.322 (Prep: 10.809, Struc: 1.267, Fetch: 91.246) | Fwd: 53.091 | Bwd: 64.846 | Opt: 0.692 | GPU_Tot: 211.142
[Throughput] Samples: 18072.70 samples/s (17795.68) | Edges: 9847583.59 edges/s (9697832.74)
------------------------------------------------------------
Training Completed. Total Steps: 1000 (Active: 990)
Avg Breakdown (ms): Load=103.322 [Prep:10.809, Struc:1.267, Fetch:91.246], Fwd=53.091, Bwd=64.846, Opt=0.692
------------------------------------------------------------
Checkpoint saved: /work/1/AC2/watanuki/gnn-modelzoo-v2.6/src/cerebras/modelzoo/models/gnn/docs/artifacts/runtime/model_dirs/ogbn_products_graphsage_pyg_throughput_nocache/last.pt
2026-06-19 16:08:20 [INFO] Model execution finished.
2026-06-19 16:08:20 [INFO] Model execution process completed successfully.
2026-06-19 16:08:20 [INFO] run_pyg.sh finished successfully.
